Archive member included to satisfy reference by file (symbol)

c:/users/admin/appdata/roaming/code/user/globalstorage/bmd.stm32-for-vscode/@xpack-dev-tools/arm-none-eabi-gcc/12.3.1-1.1.1/.content/bin/../lib/gcc/arm-none-eabi/12.3.1/../../../../arm-none-eabi/lib/thumb/v7e-m+fp/hard\libc_nano.a(libc_a-atexit.o)
                              c:/users/admin/appdata/roaming/code/user/globalstorage/bmd.stm32-for-vscode/@xpack-dev-tools/arm-none-eabi-gcc/12.3.1-1.1.1/.content/bin/../lib/gcc/arm-none-eabi/12.3.1/../../../../arm-none-eabi/lib/thumb/v7e-m+fp/hard/crt0.o (atexit)
c:/users/admin/appdata/roaming/code/user/globalstorage/bmd.stm32-for-vscode/@xpack-dev-tools/arm-none-eabi-gcc/12.3.1-1.1.1/.content/bin/../lib/gcc/arm-none-eabi/12.3.1/../../../../arm-none-eabi/lib/thumb/v7e-m+fp/hard\libc_nano.a(libc_a-exit.o)
                              c:/users/admin/appdata/roaming/code/user/globalstorage/bmd.stm32-for-vscode/@xpack-dev-tools/arm-none-eabi-gcc/12.3.1-1.1.1/.content/bin/../lib/gcc/arm-none-eabi/12.3.1/../../../../arm-none-eabi/lib/thumb/v7e-m+fp/hard/crt0.o (exit)
c:/users/admin/appdata/roaming/code/user/globalstorage/bmd.stm32-for-vscode/@xpack-dev-tools/arm-none-eabi-gcc/12.3.1-1.1.1/.content/bin/../lib/gcc/arm-none-eabi/12.3.1/../../../../arm-none-eabi/lib/thumb/v7e-m+fp/hard\libc_nano.a(libc_a-findfp.o)
                              c:/users/admin/appdata/roaming/code/user/globalstorage/bmd.stm32-for-vscode/@xpack-dev-tools/arm-none-eabi-gcc/12.3.1-1.1.1/.content/bin/../lib/gcc/arm-none-eabi/12.3.1/../../../../arm-none-eabi/lib/thumb/v7e-m+fp/hard\libc_nano.a(libc_a-exit.o) (__stdio_exit_handler)
c:/users/admin/appdata/roaming/code/user/globalstorage/bmd.stm32-for-vscode/@xpack-dev-tools/arm-none-eabi-gcc/12.3.1-1.1.1/.content/bin/../lib/gcc/arm-none-eabi/12.3.1/../../../../arm-none-eabi/lib/thumb/v7e-m+fp/hard\libc_nano.a(libc_a-fwalk.o)
                              c:/users/admin/appdata/roaming/code/user/globalstorage/bmd.stm32-for-vscode/@xpack-dev-tools/arm-none-eabi-gcc/12.3.1-1.1.1/.content/bin/../lib/gcc/arm-none-eabi/12.3.1/../../../../arm-none-eabi/lib/thumb/v7e-m+fp/hard\libc_nano.a(libc_a-findfp.o) (_fwalk_sglue)
c:/users/admin/appdata/roaming/code/user/globalstorage/bmd.stm32-for-vscode/@xpack-dev-tools/arm-none-eabi-gcc/12.3.1-1.1.1/.content/bin/../lib/gcc/arm-none-eabi/12.3.1/../../../../arm-none-eabi/lib/thumb/v7e-m+fp/hard\libc_nano.a(libc_a-stdio.o)
                              c:/users/admin/appdata/roaming/code/user/globalstorage/bmd.stm32-for-vscode/@xpack-dev-tools/arm-none-eabi-gcc/12.3.1-1.1.1/.content/bin/../lib/gcc/arm-none-eabi/12.3.1/../../../../arm-none-eabi/lib/thumb/v7e-m+fp/hard\libc_nano.a(libc_a-findfp.o) (__sread)
c:/users/admin/appdata/roaming/code/user/globalstorage/bmd.stm32-for-vscode/@xpack-dev-tools/arm-none-eabi-gcc/12.3.1-1.1.1/.content/bin/../lib/gcc/arm-none-eabi/12.3.1/../../../../arm-none-eabi/lib/thumb/v7e-m+fp/hard\libc_nano.a(libc_a-memset.o)
                              c:/users/admin/appdata/roaming/code/user/globalstorage/bmd.stm32-for-vscode/@xpack-dev-tools/arm-none-eabi-gcc/12.3.1-1.1.1/.content/bin/../lib/gcc/arm-none-eabi/12.3.1/../../../../arm-none-eabi/lib/thumb/v7e-m+fp/hard/crt0.o (memset)
c:/users/admin/appdata/roaming/code/user/globalstorage/bmd.stm32-for-vscode/@xpack-dev-tools/arm-none-eabi-gcc/12.3.1-1.1.1/.content/bin/../lib/gcc/arm-none-eabi/12.3.1/../../../../arm-none-eabi/lib/thumb/v7e-m+fp/hard\libc_nano.a(libc_a-closer.o)
                              c:/users/admin/appdata/roaming/code/user/globalstorage/bmd.stm32-for-vscode/@xpack-dev-tools/arm-none-eabi-gcc/12.3.1-1.1.1/.content/bin/../lib/gcc/arm-none-eabi/12.3.1/../../../../arm-none-eabi/lib/thumb/v7e-m+fp/hard\libc_nano.a(libc_a-stdio.o) (_close_r)
c:/users/admin/appdata/roaming/code/user/globalstorage/bmd.stm32-for-vscode/@xpack-dev-tools/arm-none-eabi-gcc/12.3.1-1.1.1/.content/bin/../lib/gcc/arm-none-eabi/12.3.1/../../../../arm-none-eabi/lib/thumb/v7e-m+fp/hard\libc_nano.a(libc_a-reent.o)
                              c:/users/admin/appdata/roaming/code/user/globalstorage/bmd.stm32-for-vscode/@xpack-dev-tools/arm-none-eabi-gcc/12.3.1-1.1.1/.content/bin/../lib/gcc/arm-none-eabi/12.3.1/../../../../arm-none-eabi/lib/thumb/v7e-m+fp/hard\libc_nano.a(libc_a-closer.o) (errno)
c:/users/admin/appdata/roaming/code/user/globalstorage/bmd.stm32-for-vscode/@xpack-dev-tools/arm-none-eabi-gcc/12.3.1-1.1.1/.content/bin/../lib/gcc/arm-none-eabi/12.3.1/../../../../arm-none-eabi/lib/thumb/v7e-m+fp/hard\libc_nano.a(libc_a-impure.o)
                              c:/users/admin/appdata/roaming/code/user/globalstorage/bmd.stm32-for-vscode/@xpack-dev-tools/arm-none-eabi-gcc/12.3.1-1.1.1/.content/bin/../lib/gcc/arm-none-eabi/12.3.1/../../../../arm-none-eabi/lib/thumb/v7e-m+fp/hard\libc_nano.a(libc_a-reent.o) (_impure_ptr)
[...]
Memory Configuration

Name             Origin             Length             Attributes
FLASH            0x08000000         0x00080000         xr
RAM1             0x20000008         0x0002fff8         xrw
RAM_SHARED       0x20030000         0x00002800         xrw
*default*        0x00000000         0xffffffff

Linker script and memory map

LOAD c:/users/admin/appdata/roaming/code/user/globalstorage/bmd.stm32-for-vscode/@xpack-dev-tools/arm-none-eabi-gcc/12.3.1-1.1.1/.content/bin/../lib/gcc/arm-none-eabi/12.3.1/thumb/v7e-m+fp/hard/crti.o
LOAD c:/users/admin/appdata/roaming/code/user/globalstorage/bmd.stm32-for-vscode/@xpack-dev-tools/arm-none-eabi-gcc/12.3.1-1.1.1/.content/bin/../lib/gcc/arm-none-eabi/12.3.1/thumb/v7e-m+fp/hard/crtbegin.o
LOAD c:/users/admin/appdata/roaming/code/user/globalstorage/bmd.stm32-for-vscode/@xpack-dev-tools/arm-none-eabi-gcc/12.3.1-1.1.1/.content/bin/../lib/gcc/arm-none-eabi/12.3.1/../../../../arm-none-eabi/lib/thumb/v7e-m+fp/hard/crt0.o
LOAD build/app_freertos.o
LOAD build/main.o
LOAD build/stm32wbxx_hal_msp.o
LOAD build/stm32wbxx_it.o
LOAD build/system_stm32wbxx.o
LOAD build/stm32wbxx_hal.o
LOAD build/stm32wbxx_hal_cortex.o
LOAD build/stm32wbxx_hal_dma.o
LOAD build/stm32wbxx_hal_dma_ex.o
LOAD build/stm32wbxx_hal_exti.o
LOAD build/stm32wbxx_hal_flash.o
LOAD build/stm32wbxx_hal_flash_ex.o
LOAD build/stm32wbxx_hal_gpio.o
LOAD build/stm32wbxx_hal_hsem.o
LOAD build/stm32wbxx_hal_pcd.o
LOAD build/stm32wbxx_hal_pcd_ex.o
LOAD build/stm32wbxx_hal_pwr.o
LOAD build/stm32wbxx_hal_pwr_ex.o
LOAD build/stm32wbxx_hal_rcc.o
LOAD build/stm32wbxx_hal_rcc_ex.o
LOAD build/stm32wbxx_hal_tim.o
LOAD build/stm32wbxx_hal_tim_ex.o
LOAD build/stm32wbxx_hal_uart.o
LOAD build/stm32wbxx_hal_uart_ex.o
LOAD build/stm32wbxx_ll_rcc.o
LOAD build/stm32wbxx_ll_usb.o
LOAD build/cmsis_os2.o
LOAD build/croutine.o
LOAD build/event_groups.o
LOAD build/list.o
LOAD build/port.o
LOAD build/heap_4.o
LOAD build/queue.o
LOAD build/stream_buffer.o
LOAD build/tasks.o
LOAD build/timers.o
LOAD build/startup_stm32wb55xx_cm4.o
LOAD c:/users/admin/appdata/roaming/code/user/globalstorage/bmd.stm32-for-vscode/@xpack-dev-tools/arm-none-eabi-gcc/12.3.1-1.1.1/.content/bin/../lib/gcc/arm-none-eabi/12.3.1/../../../../arm-none-eabi/lib/thumb/v7e-m+fp/hard\libc_nano.a
LOAD c:/users/admin/appdata/roaming/code/user/globalstorage/bmd.stm32-for-vscode/@xpack-dev-tools/arm-none-eabi-gcc/12.3.1-1.1.1/.content/bin/../lib/gcc/arm-none-eabi/12.3.1/../../../../arm-none-eabi/lib/thumb/v7e-m+fp/hard\libm.a
LOAD c:/users/admin/appdata/roaming/code/user/globalstorage/bmd.stm32-for-vscode/@xpack-dev-tools/arm-none-eabi-gcc/12.3.1-1.1.1/.content/bin/../lib/gcc/arm-none-eabi/12.3.1/../../../../arm-none-eabi/lib/thumb/v7e-m+fp/hard\libnosys.a
START GROUP
LOAD c:/users/admin/appdata/roaming/code/user/globalstorage/bmd.stm32-for-vscode/@xpack-dev-tools/arm-none-eabi-gcc/12.3.1-1.1.1/.content/bin/../lib/gcc/arm-none-eabi/12.3.1/thumb/v7e-m+fp/hard\libgcc.a
LOAD c:/users/admin/appdata/roaming/code/user/globalstorage/bmd.stm32-for-vscode/@xpack-dev-tools/arm-none-eabi-gcc/12.3.1-1.1.1/.content/bin/../lib/gcc/arm-none-eabi/12.3.1/../../../../arm-none-eabi/lib/thumb/v7e-m+fp/hard\libc_nano.a
END GROUP
START GROUP
LOAD c:/users/admin/appdata/roaming/code/user/globalstorage/bmd.stm32-for-vscode/@xpack-dev-tools/arm-none-eabi-gcc/12.3.1-1.1.1/.content/bin/../lib/gcc/arm-none-eabi/12.3.1/thumb/v7e-m+fp/hard\libgcc.a
LOAD c:/users/admin/appdata/roaming/code/user/globalstorage/bmd.stm32-for-vscode/@xpack-dev-tools/arm-none-eabi-gcc/12.3.1-1.1.1/.content/bin/../lib/gcc/arm-none-eabi/12.3.1/../../../../arm-none-eabi/lib/thumb/v7e-m+fp/hard\libc_nano.a
END GROUP
LOAD c:/users/admin/appdata/roaming/code/user/globalstorage/bmd.stm32-for-vscode/@xpack-dev-tools/arm-none-eabi-gcc/12.3.1-1.1.1/.content/bin/../lib/gcc/arm-none-eabi/12.3.1/thumb/v7e-m+fp/hard/crtend.o
LOAD c:/users/admin/appdata/roaming/code/user/globalstorage/bmd.stm32-for-vscode/@xpack-dev-tools/arm-none-eabi-gcc/12.3.1-1.1.1/.content/bin/../lib/gcc/arm-none-eabi/12.3.1/thumb/v7e-m+fp/hard/crtn.o
                0x20030000                        _estack = 0x20030000
                0x00000200                        _Min_Heap_Size = 0x200
                0x00000400                        _Min_Stack_Size = 0x400

.isr_vector     0x08000000      0x13c
                0x08000000                        . = ALIGN (0x4)
 *(.isr_vector)
 .isr_vector    0x08000000      0x13c build/startup_stm32wb55xx_cm4.o
                0x08000000                g_pfnVectors
                0x0800013c                        . = ALIGN (0x4)

.text           0x08000140     0x468c
                0x08000140                        . = ALIGN (0x4)
 *(.text)
 .text          0x08000140       0x30 c:/users/admin/appdata/roaming/code/user/globalstorage/bmd.stm32-for-vscode/@xpack-dev-tools/arm-none-eabi-gcc/12.3.1-1.1.1/.content/bin/../lib/gcc/arm-none-eabi/12.3.1/thumb/v7e-m+fp/hard\libgcc.a(_aeabi_uldivmod.o)
                0x08000140                __aeabi_uldivmod
 .text          0x08000170        0x4 c:/users/admin/appdata/roaming/code/user/globalstorage/bmd.stm32-for-vscode/@xpack-dev-tools/arm-none-eabi-gcc/12.3.1-1.1.1/.content/bin/../lib/gcc/arm-none-eabi/12.3.1/thumb/v7e-m+fp/hard\libgcc.a(_dvmd_tls.o)
                0x08000170                __aeabi_idiv0
                0x08000170                __aeabi_ldiv0
 *(.text*)
 .text.__do_global_dtors_aux
                0x08000174       0x24 c:/users/admin/appdata/roaming/code/user/globalstorage/bmd.stm32-for-vscode/@xpack-dev-tools/arm-none-eabi-gcc/12.3.1-1.1.1/.content/bin/../lib/gcc/arm-none-eabi/12.3.1/thumb/v7e-m+fp/hard/crtbegin.o
 .text.frame_dummy
                0x08000198       0x1c c:/users/admin/appdata/roaming/code/user/globalstorage/bmd.stm32-for-vscode/@xpack-dev-tools/arm-none-eabi-gcc/12.3.1-1.1.1/.content/bin/../lib/gcc/arm-none-eabi/12.3.1/thumb/v7e-m+fp/hard/crtbegin.o
 .text.timerCallback
                0x080001b4       0x28 build/main.o
                0x080001b4                timerCallback
 .text.MX_GPIO_Init
                0x080001dc      0x134 build/main.o
 .text.set_EW   0x08000310       0xfc build/main.o
                0x08000310                set_EW
 .text.set_NS   0x0800040c       0xfc build/main.o
                0x0800040c                set_NS
 .text.get_car_NS
                0x08000508       0x20 build/main.o
                0x08000508                get_car_NS
 .text.get_car_EW
                0x08000528       0x20 build/main.o
                0x08000528                get_car_EW
 .text.StartDefaultTask
                0x08000548      0x198 build/main.o
                0x08000548                StartDefaultTask
 .text.Error_Handler
                0x080006e0        0x4 build/main.o
                0x080006e0                Error_Handler
 .text.MX_USART1_UART_Init
                0x080006e4       0x64 build/main.o
 .text.MX_USB_PCD_Init
                0x08000748       0x30 build/main.o
 .text.SystemClock_Config
                0x08000778       0xbc build/main.o
                0x08000778                SystemClock_Config
 .text.PeriphCommonClock_Config
                0x08000834       0x26 build/main.o
                0x08000834                PeriphCommonClock_Config
 *fill*         0x0800085a        0x2 
 .text.main     0x0800085c       0x5c build/main.o
                0x0800085c                main
 .text.HAL_MspInit
                0x080008b8       0x10 build/stm32wbxx_hal_msp.o
                0x080008b8                HAL_MspInit
 .text.HAL_UART_MspInit
                0x080008c8       0x88 build/stm32wbxx_hal_msp.o
                0x080008c8                HAL_UART_MspInit
 .text.HAL_PCD_MspInit
                0x08000950       0xa8 build/stm32wbxx_hal_msp.o
                0x08000950                HAL_PCD_MspInit
 .text.NMI_Handler
                0x080009f8        0x2 build/stm32wbxx_it.o
                0x080009f8                NMI_Handler
 .text.HardFault_Handler
                0x080009fa        0x2 build/stm32wbxx_it.o
                0x080009fa                HardFault_Handler
 .text.MemManage_Handler
                0x080009fc        0x2 build/stm32wbxx_it.o
                0x080009fc                MemManage_Handler
 .text.BusFault_Handler
                0x080009fe        0x2 build/stm32wbxx_it.o
                0x080009fe                BusFault_Handler
 .text.UsageFault_Handler
                0x08000a00        0x2 build/stm32wbxx_it.o
                0x08000a00                UsageFault_Handler
 .text.DebugMon_Handler
                0x08000a02        0x2 build/stm32wbxx_it.o
                0x08000a02                DebugMon_Handler
 .text.SysTick_Handler
                0x08000a04       0x16 build/stm32wbxx_it.o
                0x08000a04                SysTick_Handler
 *fill*         0x08000a1a        0x2 
 .text.SystemInit
                0x08000a1c       0x64 build/system_stm32wbxx.o
                0x08000a1c                SystemInit
 .text.HAL_InitTick
                0x08000a80       0x50 build/stm32wbxx_hal.o
                0x08000a80                HAL_InitTick
 .text.HAL_Init
                0x08000ad0       0x2c build/stm32wbxx_hal.o
                0x08000ad0                HAL_Init
 .text.HAL_IncTick
                0x08000afc       0x18 build/stm32wbxx_hal.o
                0x08000afc                HAL_IncTick
 .text.HAL_GetTick
                0x08000b14        0xc build/stm32wbxx_hal.o
                0x08000b14                HAL_GetTick
 .text.HAL_GetTickPrio
                0x08000b20        0xc build/stm32wbxx_hal.o
                0x08000b20                HAL_GetTickPrio
 .text.__NVIC_SetPriority
                0x08000b2c       0x28 build/stm32wbxx_hal_cortex.o
 .text.NVIC_EncodePriority
                0x08000b54       0x3e build/stm32wbxx_hal_cortex.o
 *fill*         0x08000b92        0x2 
 .text.HAL_NVIC_SetPriorityGrouping
                0x08000b94       0x24 build/stm32wbxx_hal_cortex.o
                0x08000b94                HAL_NVIC_SetPriorityGrouping
 .text.HAL_NVIC_SetPriority
                0x08000bb8       0x20 build/stm32wbxx_hal_cortex.o
                0x08000bb8                HAL_NVIC_SetPriority
 .text.HAL_SYSTICK_Config
                0x08000bd8       0x28 build/stm32wbxx_hal_cortex.o
                0x08000bd8                HAL_SYSTICK_Config
 .text.HAL_GPIO_Init
                0x08000c00      0x1b4 build/stm32wbxx_hal_gpio.o
                0x08000c00                HAL_GPIO_Init
 .text.HAL_GPIO_ReadPin
                0x08000db4        0xe build/stm32wbxx_hal_gpio.o
                0x08000db4                HAL_GPIO_ReadPin
 .text.HAL_GPIO_WritePin
                0x08000dc2        0xa build/stm32wbxx_hal_gpio.o
                0x08000dc2                HAL_GPIO_WritePin
 .text.HAL_PCD_Init
                0x08000dcc       0xdc build/stm32wbxx_hal_pcd.o
                0x08000dcc                HAL_PCD_Init
 .text.HAL_PCDEx_ActivateLPM
                0x08000ea8       0x2c build/stm32wbxx_hal_pcd_ex.o
                0x08000ea8                HAL_PCDEx_ActivateLPM
 .text.HAL_PWR_EnableBkUpAccess
                0x08000ed4       0x10 build/stm32wbxx_hal_pwr.o
                0x08000ed4                HAL_PWR_EnableBkUpAccess
 .text.HAL_PWREx_GetVoltageRange
                0x08000ee4       0x10 build/stm32wbxx_hal_pwr_ex.o
                0x08000ee4                HAL_PWREx_GetVoltageRange
 .text.RCC_SetFlashLatency
                0x08000ef4       0xc0 build/stm32wbxx_hal_rcc.o
 .text.RCC_SetFlashLatencyFromMSIRange
                0x08000fb4       0x4c build/stm32wbxx_hal_rcc.o
 .text.HAL_RCC_GetSysClockFreq
                0x08001000       0xc0 build/stm32wbxx_hal_rcc.o
                0x08001000                HAL_RCC_GetSysClockFreq
 .text.HAL_RCC_GetHCLKFreq
                0x080010c0       0x20 build/stm32wbxx_hal_rcc.o
                0x080010c0                HAL_RCC_GetHCLKFreq
 .text.HAL_RCC_OscConfig
                0x080010e0      0x718 build/stm32wbxx_hal_rcc.o
                0x080010e0                HAL_RCC_OscConfig
 .text.HAL_RCC_ClockConfig
                0x080017f8      0x264 build/stm32wbxx_hal_rcc.o
                0x080017f8                HAL_RCC_ClockConfig
 .text.HAL_RCC_GetPCLK1Freq
                0x08001a5c       0x24 build/stm32wbxx_hal_rcc.o
                0x08001a5c                HAL_RCC_GetPCLK1Freq
 .text.HAL_RCC_GetPCLK2Freq
                0x08001a80       0x24 build/stm32wbxx_hal_rcc.o
                0x08001a80                HAL_RCC_GetPCLK2Freq
 .text.LL_RCC_SetI2CClockSource
                0x08001aa4       0x20 build/stm32wbxx_hal_rcc_ex.o
 .text.RCCEx_PLLSAI1_ConfigNP
                0x08001ac4       0x8e build/stm32wbxx_hal_rcc_ex.o
 .text.RCCEx_PLLSAI1_ConfigNQ
                0x08001b52       0x8e build/stm32wbxx_hal_rcc_ex.o
 .text.RCCEx_PLLSAI1_ConfigNR
                0x08001be0       0x8e build/stm32wbxx_hal_rcc_ex.o
 .text.HAL_RCCEx_PeriphCLKConfig
                0x08001c6e      0x2f2 build/stm32wbxx_hal_rcc_ex.o
                0x08001c6e                HAL_RCCEx_PeriphCLKConfig
 .text.HAL_RCCEx_EnableMSIPLLMode
                0x08001f60        0xe build/stm32wbxx_hal_rcc_ex.o
                0x08001f60                HAL_RCCEx_EnableMSIPLLMode
 .text.UART_EndRxTransfer
                0x08001f6e       0x56 build/stm32wbxx_hal_uart.o
 .text.UART_SetConfig
                0x08001fc4      0x25c build/stm32wbxx_hal_uart.o
                0x08001fc4                UART_SetConfig
 .text.UART_AdvFeatureConfig
                0x08002220       0xca build/stm32wbxx_hal_uart.o
                0x08002220                UART_AdvFeatureConfig
 .text.UART_WaitOnFlagUntilTimeout
                0x080022ea       0x96 build/stm32wbxx_hal_uart.o
                0x080022ea                UART_WaitOnFlagUntilTimeout
 .text.UART_CheckIdleState
                0x08002380       0xca build/stm32wbxx_hal_uart.o
                0x08002380                UART_CheckIdleState
 .text.HAL_UART_Init
                0x0800244a       0x66 build/stm32wbxx_hal_uart.o
                0x0800244a                HAL_UART_Init
 .text.UARTEx_SetNbDataToProcess
                0x080024b0       0x4c build/stm32wbxx_hal_uart_ex.o
 .text.HAL_UARTEx_DisableFifoMode
                0x080024fc       0x3e build/stm32wbxx_hal_uart_ex.o
                0x080024fc                HAL_UARTEx_DisableFifoMode
 .text.HAL_UARTEx_SetTxFifoThreshold
                0x0800253a       0x4a build/stm32wbxx_hal_uart_ex.o
                0x0800253a                HAL_UARTEx_SetTxFifoThreshold
 .text.HAL_UARTEx_SetRxFifoThreshold
                0x08002584       0x4a build/stm32wbxx_hal_uart_ex.o
                0x08002584                HAL_UARTEx_SetRxFifoThreshold
 .text.USB_DisableGlobalInt
                0x080025ce       0x14 build/stm32wbxx_ll_usb.o
                0x080025ce                USB_DisableGlobalInt
 .text.USB_DevInit
                0x080025e2       0x22 build/stm32wbxx_ll_usb.o
                0x080025e2                USB_DevInit
 .text.TimerCallback
                0x08002604       0x10 build/cmsis_os2.o
 .text.osKernelInitialize
                0x08002614       0x24 build/cmsis_os2.o
                0x08002614                osKernelInitialize
 .text.osKernelStart
                0x08002638       0x38 build/cmsis_os2.o
                0x08002638                osKernelStart
 .text.osThreadNew
                0x08002670       0xbc build/cmsis_os2.o
                0x08002670                osThreadNew
 .text.osTimerNew
                0x0800272c       0xa8 build/cmsis_os2.o
                0x0800272c                osTimerNew
 .text.osTimerStart
                0x080027d4       0x34 build/cmsis_os2.o
                0x080027d4                osTimerStart
 .text.vApplicationGetIdleTaskMemory
                0x08002808       0x18 build/cmsis_os2.o
                0x08002808                vApplicationGetIdleTaskMemory
 .text.vApplicationGetTimerTaskMemory
                0x08002820       0x18 build/cmsis_os2.o
                0x08002820                vApplicationGetTimerTaskMemory
 .text.vListInitialise
                0x08002838       0x16 build/list.o
                0x08002838                vListInitialise
 .text.vListInitialiseItem
                0x0800284e        0x6 build/list.o
                0x0800284e                vListInitialiseItem
 .text.vListInsertEnd
                0x08002854       0x16 build/list.o
                0x08002854                vListInsertEnd
 .text.vListInsert
                0x0800286a       0x32 build/list.o
                0x0800286a                vListInsert
 .text.uxListRemove
                0x0800289c       0x26 build/list.o
                0x0800289c                uxListRemove
 *fill*         0x080028c2        0x2 
 .text.prvTaskExitError
                0x080028c4       0x40 build/port.o
 .text.prvPortStartFirstTask
                0x08002904       0x28 build/port.o
 .text.vPortEnableVFP
                0x0800292c       0x14 build/port.o
 .text.pxPortInitialiseStack
                0x08002940       0x2c build/port.o
                0x08002940                pxPortInitialiseStack
 *fill*         0x0800296c        0x4 
 .text.SVC_Handler
                0x08002970       0x24 build/port.o
                0x08002970                SVC_Handler
 .text.vPortEnterCritical
                0x08002994       0x44 build/port.o
                0x08002994                vPortEnterCritical
 .text.vPortExitCritical
                0x080029d8       0x2c build/port.o
                0x080029d8                vPortExitCritical
 *fill*         0x08002a04        0xc 
 .text.PendSV_Handler
                0x08002a10       0x64 build/port.o
                0x08002a10                PendSV_Handler
 .text.xPortSysTickHandler
                0x08002a74       0x2c build/port.o
                0x08002a74                xPortSysTickHandler
 .text.vPortSetupTimerInterrupt
                0x08002aa0       0x28 build/port.o
                0x08002aa0                vPortSetupTimerInterrupt
 .text.xPortStartScheduler
                0x08002ac8      0x118 build/port.o
                0x08002ac8                xPortStartScheduler
 .text.vPortValidateInterruptPriority
                0x08002be0       0x5c build/port.o
                0x08002be0                vPortValidateInterruptPriority
 .text.prvHeapInit
                0x08002c3c       0x64 build/heap_4.o
 .text.prvInsertBlockIntoFreeList
                0x08002ca0       0x64 build/heap_4.o
 .text.pvPortMalloc
                0x08002d04      0x104 build/heap_4.o
                0x08002d04                pvPortMalloc
 .text.vPortFree
                0x08002e08       0x7c build/heap_4.o
                0x08002e08                vPortFree
 .text.prvIsQueueFull
                0x08002e84       0x1e build/queue.o
 .text.prvIsQueueEmpty
                0x08002ea2       0x1a build/queue.o
 .text.prvCopyDataToQueue
                0x08002ebc       0x76 build/queue.o
 .text.prvCopyDataFromQueue
                0x08002f32       0x24 build/queue.o
 .text.prvUnlockQueue
                0x08002f56       0x6e build/queue.o
 .text.xQueueGenericReset
                0x08002fc4       0x84 build/queue.o
                0x08002fc4                xQueueGenericReset
 .text.prvInitialiseNewQueue
                0x08003048       0x22 build/queue.o
 .text.xQueueGenericCreateStatic
                0x0800306a       0x94 build/queue.o
                0x0800306a                xQueueGenericCreateStatic
 .text.xQueueGenericSend
                0x080030fe      0x188 build/queue.o
                0x080030fe                xQueueGenericSend
 .text.xQueueGenericSendFromISR
                0x08003286       0xce build/queue.o
                0x08003286                xQueueGenericSendFromISR
 .text.xQueueReceive
                0x08003354      0x15e build/queue.o
                0x08003354                xQueueReceive
 *fill*         0x080034b2        0x2 
 .text.vQueueAddToRegistry
                0x080034b4       0x28 build/queue.o
                0x080034b4                vQueueAddToRegistry
 .text.vQueueWaitForMessageRestricted
                0x080034dc       0x52 build/queue.o
                0x080034dc                vQueueWaitForMessageRestricted
 *fill*         0x0800352e        0x2 
 .text.prvResetNextTaskUnblockTime
                0x08003530       0x2c build/tasks.o
 .text.prvInitialiseNewTask
                0x0800355c       0xa2 build/tasks.o
 *fill*         0x080035fe        0x2 
 .text.prvInitialiseTaskLists
                0x08003600       0x68 build/tasks.o
 .text.prvAddNewTaskToReadyList
                0x08003668       0xac build/tasks.o
 .text.prvDeleteTCB
                0x08003714       0x38 build/tasks.o
 .text.prvCheckTasksWaitingTermination
                0x0800374c       0x4c build/tasks.o
 .text.prvIdleTask
                0x08003798       0x28 build/tasks.o
 .text.prvAddCurrentTaskToDelayedList
                0x080037c0       0x7c build/tasks.o
 .text.xTaskCreateStatic
                0x0800383c       0x76 build/tasks.o
                0x0800383c                xTaskCreateStatic
 .text.xTaskCreate
                0x080038b2       0x64 build/tasks.o
                0x080038b2                xTaskCreate
 *fill*         0x08003916        0x2 
 .text.vTaskStartScheduler
                0x08003918       0x98 build/tasks.o
                0x08003918                vTaskStartScheduler
 .text.vTaskSuspendAll
                0x080039b0       0x10 build/tasks.o
                0x080039b0                vTaskSuspendAll
 .text.xTaskGetTickCount
                0x080039c0        0xc build/tasks.o
                0x080039c0                xTaskGetTickCount
 .text.xTaskIncrementTick
                0x080039cc      0x118 build/tasks.o
                0x080039cc                xTaskIncrementTick
 .text.xTaskResumeAll
                0x08003ae4       0xf8 build/tasks.o
                0x08003ae4                xTaskResumeAll
 .text.vTaskSwitchContext
                0x08003bdc       0x98 build/tasks.o
                0x08003bdc                vTaskSwitchContext
 .text.vTaskPlaceOnEventList
                0x08003c74       0x30 build/tasks.o
                0x08003c74                vTaskPlaceOnEventList
 .text.vTaskPlaceOnEventListRestricted
                0x08003ca4       0x38 build/tasks.o
                0x08003ca4                vTaskPlaceOnEventListRestricted
 .text.xTaskRemoveFromEventList
                0x08003cdc       0x8c build/tasks.o
                0x08003cdc                xTaskRemoveFromEventList
 .text.vTaskInternalSetTimeOutState
                0x08003d68       0x18 build/tasks.o
                0x08003d68                vTaskInternalSetTimeOutState
 .text.xTaskCheckForTimeOut
                0x08003d80       0x84 build/tasks.o
                0x08003d80                xTaskCheckForTimeOut
 .text.vTaskMissedYield
                0x08003e04        0xc build/tasks.o
                0x08003e04                vTaskMissedYield
 .text.xTaskGetSchedulerState
                0x08003e10       0x20 build/tasks.o
                0x08003e10                xTaskGetSchedulerState
 .text.xTaskPriorityDisinherit
                0x08003e30       0x90 build/tasks.o
                0x08003e30                xTaskPriorityDisinherit
 .text.prvGetNextExpireTime
                0x08003ec0       0x20 build/timers.o
 .text.prvInsertTimerInActiveList
                0x08003ee0       0x48 build/timers.o
 .text.prvCheckForValidListAndQueue
                0x08003f28       0x70 build/timers.o
 .text.prvInitialiseNewTimer
                0x08003f98       0x4c build/timers.o
 .text.xTimerCreateTimerTask
                0x08003fe4       0x64 build/timers.o
                0x08003fe4                xTimerCreateTimerTask
 .text.xTimerCreate
                0x08004048       0x38 build/timers.o
                0x08004048                xTimerCreate
 .text.xTimerCreateStatic
                0x08004080       0x54 build/timers.o
                0x08004080                xTimerCreateStatic
 .text.xTimerGenericCommand
                0x080040d4       0x6c build/timers.o
                0x080040d4                xTimerGenericCommand
 .text.prvSwitchTimerLists
                0x08004140       0x7c build/timers.o
 .text.prvSampleTimeNow
                0x080041bc       0x2c build/timers.o
 .text.prvProcessExpiredTimer
                0x080041e8       0x6c build/timers.o
 .text.prvProcessTimerOrBlockTask
                0x08004254       0x74 build/timers.o
 .text.prvProcessReceivedCommands
                0x080042c8      0x10c build/timers.o
 .text.prvTimerTask
                0x080043d4       0x16 build/timers.o
 .text.pvTimerGetTimerID
                0x080043ea       0x26 build/timers.o
                0x080043ea                pvTimerGetTimerID
 .text.data_initializers
                0x08004410       0x18 build/startup_stm32wb55xx_cm4.o
 .text.Reset_Handler
                0x08004428       0x58 build/startup_stm32wb55xx_cm4.o
                0x08004428                Reset_Handler
 .text.Default_Handler
                0x08004480        0x2 build/startup_stm32wb55xx_cm4.o
                0x08004480                RTC_Alarm_IRQHandler
                0x08004480                EXTI2_IRQHandler
                0x08004480                TIM1_CC_IRQHandler
                0x08004480                TSC_IRQHandler
                0x08004480                USB_HP_IRQHandler
                0x08004480                EXTI3_IRQHandler
                0x08004480                LPTIM2_IRQHandler
                0x08004480                I2C3_ER_IRQHandler
                0x08004480                EXTI0_IRQHandler
                0x08004480                FPU_IRQHandler
                0x08004480                TIM1_UP_TIM16_IRQHandler
                0x08004480                AES1_IRQHandler
                0x08004480                SPI1_IRQHandler
                0x08004480                PWR_SOTF_BLEACT_802ACT_RFPHASE_IRQHandler
                0x08004480                DMA2_Channel2_IRQHandler
                0x08004480                DMA1_Channel4_IRQHandler
                0x08004480                ADC1_IRQHandler
                0x08004480                PKA_IRQHandler
                0x08004480                DMA1_Channel7_IRQHandler
                0x08004480                LCD_IRQHandler
                0x08004480                IPCC_C1_TX_IRQHandler
                0x08004480                DMA2_Channel1_IRQHandler
                0x08004480                QUADSPI_IRQHandler
                0x08004480                I2C1_EV_IRQHandler
                0x08004480                DMAMUX1_OVR_IRQHandler
                0x08004480                DMA1_Channel6_IRQHandler
                0x08004480                DMA2_Channel4_IRQHandler
                0x08004480                RCC_IRQHandler
                0x08004480                DMA1_Channel1_IRQHandler
                0x08004480                Default_Handler
                0x08004480                DMA2_Channel7_IRQHandler
                0x08004480                EXTI15_10_IRQHandler
                0x08004480                IPCC_C1_RX_IRQHandler
                0x08004480                C2SEV_PWR_C2H_IRQHandler
                0x08004480                AES2_IRQHandler
                0x08004480                I2C3_EV_IRQHandler
                0x08004480                EXTI9_5_IRQHandler
                0x08004480                RTC_WKUP_IRQHandler
                0x08004480                PVD_PVM_IRQHandler
                0x08004480                SPI2_IRQHandler
                0x08004480                DMA2_Channel5_IRQHandler
                0x08004480                CRS_IRQHandler
                0x08004480                DMA1_Channel5_IRQHandler
                0x08004480                USB_LP_IRQHandler
                0x08004480                EXTI4_IRQHandler
                0x08004480                RNG_IRQHandler
                0x08004480                TIM1_TRG_COM_TIM17_IRQHandler
                0x08004480                TAMP_STAMP_LSECSS_IRQHandler
                0x08004480                DMA1_Channel3_IRQHandler
                0x08004480                COMP_IRQHandler
                0x08004480                HSEM_IRQHandler
                0x08004480                WWDG_IRQHandler
                0x08004480                LPUART1_IRQHandler
                0x08004480                DMA2_Channel6_IRQHandler
                0x08004480                TIM2_IRQHandler
                0x08004480                TIM1_BRK_IRQHandler
                0x08004480                EXTI1_IRQHandler
                0x08004480                DMA1_Channel2_IRQHandler
                0x08004480                FLASH_IRQHandler
                0x08004480                USART1_IRQHandler
                0x08004480                I2C1_ER_IRQHandler
                0x08004480                LPTIM1_IRQHandler
                0x08004480                SAI1_IRQHandler
                0x08004480                DMA2_Channel3_IRQHandler
 .text.memset   0x08004482       0x10 c:/users/admin/appdata/roaming/code/user/globalstorage/bmd.stm32-for-vscode/@xpack-dev-tools/arm-none-eabi-gcc/12.3.1-1.1.1/.content/bin/../lib/gcc/arm-none-eabi/12.3.1/../../../../arm-none-eabi/lib/thumb/v7e-m+fp/hard\libc_nano.a(libc_a-memset.o)
                0x08004482                memset
 *fill*         0x08004492        0x2 
 .text.__libc_init_array
                0x08004494       0x48 c:/users/admin/appdata/roaming/code/user/globalstorage/bmd.stm32-for-vscode/@xpack-dev-tools/arm-none-eabi-gcc/12.3.1-1.1.1/.content/bin/../lib/gcc/arm-none-eabi/12.3.1/../../../../arm-none-eabi/lib/thumb/v7e-m+fp/hard\libc_nano.a(libc_a-init.o)
                0x08004494                __libc_init_array
 .text.memcpy   0x080044dc       0x1c c:/users/admin/appdata/roaming/code/user/globalstorage/bmd.stm32-for-vscode/@xpack-dev-tools/arm-none-eabi-gcc/12.3.1-1.1.1/.content/bin/../lib/gcc/arm-none-eabi/12.3.1/../../../../arm-none-eabi/lib/thumb/v7e-m+fp/hard\libc_nano.a(libc_a-memcpy-stub.o)
                0x080044dc                memcpy
 .text.__udivmoddi4
                0x080044f8      0x2bc c:/users/admin/appdata/roaming/code/user/globalstorage/bmd.stm32-for-vscode/@xpack-dev-tools/arm-none-eabi-gcc/12.3.1-1.1.1/.content/bin/../lib/gcc/arm-none-eabi/12.3.1/thumb/v7e-m+fp/hard\libgcc.a(_udivmoddi4.o)
                0x080044f8                __udivmoddi4
 *(.glue_7)
 .glue_7        0x080047b4        0x0 linker stubs
 *(.glue_7t)
 .glue_7t       0x080047b4        0x0 linker stubs
 *(.eh_frame)
 .eh_frame      0x080047b4        0x0 c:/users/admin/appdata/roaming/code/user/globalstorage/bmd.stm32-for-vscode/@xpack-dev-tools/arm-none-eabi-gcc/12.3.1-1.1.1/.content/bin/../lib/gcc/arm-none-eabi/12.3.1/thumb/v7e-m+fp/hard/crtbegin.o
 *(.init)
 .init          0x080047b4        0x4 c:/users/admin/appdata/roaming/code/user/globalstorage/bmd.stm32-for-vscode/@xpack-dev-tools/arm-none-eabi-gcc/12.3.1-1.1.1/.content/bin/../lib/gcc/arm-none-eabi/12.3.1/thumb/v7e-m+fp/hard/crti.o
                0x080047b4                _init
 .init          0x080047b8        0x8 c:/users/admin/appdata/roaming/code/user/globalstorage/bmd.stm32-for-vscode/@xpack-dev-tools/arm-none-eabi-gcc/12.3.1-1.1.1/.content/bin/../lib/gcc/arm-none-eabi/12.3.1/thumb/v7e-m+fp/hard/crtn.o
 *(.fini)
 .fini          0x080047c0        0x4 c:/users/admin/appdata/roaming/code/user/globalstorage/bmd.stm32-for-vscode/@xpack-dev-tools/arm-none-eabi-gcc/12.3.1-1.1.1/.content/bin/../lib/gcc/arm-none-eabi/12.3.1/thumb/v7e-m+fp/hard/crti.o
                0x080047c0                _fini
 .fini          0x080047c4        0x8 c:/users/admin/appdata/roaming/code/user/globalstorage/bmd.stm32-for-vscode/@xpack-dev-tools/arm-none-eabi-gcc/12.3.1-1.1.1/.content/bin/../lib/gcc/arm-none-eabi/12.3.1/thumb/v7e-m+fp/hard/crtn.o
                0x080047cc                        . = ALIGN (0x4)
                0x080047cc                        _etext = .

.vfp11_veneer   0x080047cc        0x0
 .vfp11_veneer  0x080047cc        0x0 linker stubs

.v4_bx          0x080047cc        0x0
 .v4_bx         0x080047cc        0x0 linker stubs

.iplt           0x080047cc        0x0
 .iplt          0x080047cc        0x0 c:/users/admin/appdata/roaming/code/user/globalstorage/bmd.stm32-for-vscode/@xpack-dev-tools/arm-none-eabi-gcc/12.3.1-1.1.1/.content/bin/../lib/gcc/arm-none-eabi/12.3.1/thumb/v7e-m+fp/hard/crtbegin.o

.rodata         0x080047cc      0x154
                0x080047cc                        . = ALIGN (0x4)
 *(.rodata)
 .rodata        0x080047cc       0x2c build/stm32wbxx_hal_rcc.o
 *(.rodata*)
 .rodata.str1.4
                0x080047f8       0x14 build/main.o
 .rodata.timer_attributes
                0x0800480c       0x10 build/main.o
                0x0800480c                timer_attributes
 .rodata.defaultTask_attributes
                0x0800481c       0x24 build/main.o
                0x0800481c                defaultTask_attributes
 .rodata.MSIRangeTable
                0x08004840       0x40 build/system_stm32wbxx.o
                0x08004840                MSIRangeTable
 .rodata.APBPrescTable
                0x08004880       0x20 build/system_stm32wbxx.o
                0x08004880                APBPrescTable
 .rodata.AHBPrescTable
                0x080048a0       0x40 build/system_stm32wbxx.o
                0x080048a0                AHBPrescTable
 .rodata.UARTPrescTable
                0x080048e0       0x18 build/stm32wbxx_hal_uart.o
                0x080048e0                UARTPrescTable
 .rodata.denominator.0
                0x080048f8        0x8 build/stm32wbxx_hal_uart_ex.o
 .rodata.numerator.1
                0x08004900        0x8 build/stm32wbxx_hal_uart_ex.o
 .rodata.vTaskStartScheduler.str1.4
                0x08004908        0x5 build/tasks.o
 *fill*         0x0800490d        0x3 
 .rodata.prvCheckForValidListAndQueue.str1.4
                0x08004910        0x5 build/timers.o
 *fill*         0x08004915        0x3 
 .rodata.xTimerCreateTimerTask.str1.4
                0x08004918        0x8 build/timers.o
                0x08004920                        . = ALIGN (0x4)

.ARM.extab
 *(.ARM.extab* .gnu.linkonce.armextab.*)

.ARM            0x08004920        0x8
                0x08004920                        __exidx_start = .
 *(.ARM.exidx*)
 .ARM.exidx.text.__udivmoddi4
                0x08004920        0x8 c:/users/admin/appdata/roaming/code/user/globalstorage/bmd.stm32-for-vscode/@xpack-dev-tools/arm-none-eabi-gcc/12.3.1-1.1.1/.content/bin/../lib/gcc/arm-none-eabi/12.3.1/thumb/v7e-m+fp/hard\libgcc.a(_udivmoddi4.o)
                0x08004928                        __exidx_end = .

.rel.dyn        0x08004928        0x0
 .rel.iplt      0x08004928        0x0 c:/users/admin/appdata/roaming/code/user/globalstorage/bmd.stm32-for-vscode/@xpack-dev-tools/arm-none-eabi-gcc/12.3.1-1.1.1/.content/bin/../lib/gcc/arm-none-eabi/12.3.1/thumb/v7e-m+fp/hard/crtbegin.o

.preinit_array  0x08004928        0x0
                0x08004928                        PROVIDE (__preinit_array_start = .)
 *(.preinit_array*)
                0x08004928                        PROVIDE (__preinit_array_end = .)

.init_array     0x08004928        0x4
                0x08004928                        PROVIDE (__init_array_start = .)
 *(SORT_BY_NAME(.init_array.*))
 *(.init_array*)
 .init_array    0x08004928        0x4 c:/users/admin/appdata/roaming/code/user/globalstorage/bmd.stm32-for-vscode/@xpack-dev-tools/arm-none-eabi-gcc/12.3.1-1.1.1/.content/bin/../lib/gcc/arm-none-eabi/12.3.1/thumb/v7e-m+fp/hard/crtbegin.o
                0x0800492c                        PROVIDE (__init_array_end = .)

.fini_array     0x0800492c        0x4
                0x0800492c                        PROVIDE (__fini_array_start = .)
 *(SORT_BY_NAME(.fini_array.*))
 *(.fini_array*)
 .fini_array    0x0800492c        0x4 c:/users/admin/appdata/roaming/code/user/globalstorage/bmd.stm32-for-vscode/@xpack-dev-tools/arm-none-eabi-gcc/12.3.1-1.1.1/.content/bin/../lib/gcc/arm-none-eabi/12.3.1/thumb/v7e-m+fp/hard/crtbegin.o
                0x08004930                        PROVIDE (__fini_array_end = .)
                0x08004930                        _sidata = LOADADDR (.data)

.data           0x20000008       0x10 load address 0x08004930
                0x20000008                        . = ALIGN (0x4)
                0x20000008                        _sdata = .
 *(.data)
 *(.data*)
 .data.SystemCoreClock
                0x20000008        0x4 build/system_stm32wbxx.o
                0x20000008                SystemCoreClock
 .data.uwTickFreq
                0x2000000c        0x1 build/stm32wbxx_hal.o
                0x2000000c                uwTickFreq
 *fill*         0x2000000d        0x3 
 .data.uwTickPrio
                0x20000010        0x4 build/stm32wbxx_hal.o
                0x20000010                uwTickPrio
 .data.uxCriticalNesting
                0x20000014        0x4 build/port.o
                0x20000018                        . = ALIGN (0x4)
                0x20000018                        _edata = .

.igot.plt       0x20000018        0x0 load address 0x08004940
 .igot.plt      0x20000018        0x0 c:/users/admin/appdata/roaming/code/user/globalstorage/bmd.stm32-for-vscode/@xpack-dev-tools/arm-none-eabi-gcc/12.3.1-1.1.1/.content/bin/../lib/gcc/arm-none-eabi/12.3.1/thumb/v7e-m+fp/hard/crtbegin.o
                0x20000018                        . = ALIGN (0x4)

.bss            0x20000018     0x1d08 load address 0x08004940
                0x20000018                        _sbss = .
                0x20000018                        __bss_start__ = _sbss
 *(.bss)
 *(.bss*)
 .bss.completed.1
                0x20000018        0x1 c:/users/admin/appdata/roaming/code/user/globalstorage/bmd.stm32-for-vscode/@xpack-dev-tools/arm-none-eabi-gcc/12.3.1-1.1.1/.content/bin/../lib/gcc/arm-none-eabi/12.3.1/thumb/v7e-m+fp/hard/crtbegin.o
 *fill*         0x20000019        0x3 
 .bss.object.0  0x2000001c       0x18 c:/users/admin/appdata/roaming/code/user/globalstorage/bmd.stm32-for-vscode/@xpack-dev-tools/arm-none-eabi-gcc/12.3.1-1.1.1/.content/bin/../lib/gcc/arm-none-eabi/12.3.1/thumb/v7e-m+fp/hard/crtbegin.o
 .bss.num_started_timers
                0x20000034        0x4 build/main.o
                0x20000034                num_started_timers
 .bss.current_state
                0x20000038        0x1 build/main.o
                0x20000038                current_state
 *fill*         0x20000039        0x3 
 .bss.timerHandle
                0x2000003c        0x4 build/main.o
                0x2000003c                timerHandle
 .bss.defaultTaskHandle
                0x20000040        0x4 build/main.o
                0x20000040                defaultTaskHandle
 .bss.hpcd_USB_FS
                0x20000044      0x2f4 build/main.o
                0x20000044                hpcd_USB_FS
 .bss.huart1    0x20000338       0x94 build/main.o
                0x20000338                huart1
 .bss.uwTick    0x200003cc        0x4 build/stm32wbxx_hal.o
                0x200003cc                uwTick
 .bss.Timer_Stack.0
                0x200003d0      0x400 build/cmsis_os2.o
 .bss.Timer_TCB.1
                0x200007d0       0x5c build/cmsis_os2.o
 .bss.Idle_Stack.2
                0x2000082c      0x200 build/cmsis_os2.o
 .bss.Idle_TCB.3
                0x20000a2c       0x5c build/cmsis_os2.o
 .bss.KernelState
                0x20000a88        0x4 build/cmsis_os2.o
 .bss.ulMaxPRIGROUPValue
                0x20000a8c        0x4 build/port.o
 .bss.ucMaxSysCallPriority
                0x20000a90        0x1 build/port.o
 *fill*         0x20000a91        0x3 
 .bss.xBlockAllocatedBit
                0x20000a94        0x4 build/heap_4.o
 .bss.xNumberOfSuccessfulFrees
                0x20000a98        0x4 build/heap_4.o
 .bss.xNumberOfSuccessfulAllocations
                0x20000a9c        0x4 build/heap_4.o
 .bss.xMinimumEverFreeBytesRemaining
                0x20000aa0        0x4 build/heap_4.o
 .bss.xFreeBytesRemaining
                0x20000aa4        0x4 build/heap_4.o
 .bss.pxEnd     0x20000aa8        0x4 build/heap_4.o
 .bss.xStart    0x20000aac        0x8 build/heap_4.o
 .bss.ucHeap    0x20000ab4      0xc00 build/heap_4.o
 .bss.xQueueRegistry
                0x200016b4       0x40 build/queue.o
                0x200016b4                xQueueRegistry
 .bss.uxSchedulerSuspended
                0x200016f4        0x4 build/tasks.o
 .bss.xIdleTaskHandle
                0x200016f8        0x4 build/tasks.o
 .bss.xNextTaskUnblockTime
                0x200016fc        0x4 build/tasks.o
 .bss.uxTaskNumber
                0x20001700        0x4 build/tasks.o
 .bss.xNumOfOverflows
                0x20001704        0x4 build/tasks.o
 .bss.xYieldPending
                0x20001708        0x4 build/tasks.o
 .bss.xPendedTicks
                0x2000170c        0x4 build/tasks.o
 .bss.xSchedulerRunning
                0x20001710        0x4 build/tasks.o
 .bss.uxTopReadyPriority
                0x20001714        0x4 build/tasks.o
 .bss.xTickCount
                0x20001718        0x4 build/tasks.o
 .bss.uxCurrentNumberOfTasks
                0x2000171c        0x4 build/tasks.o
 .bss.xSuspendedTaskList
                0x20001720       0x14 build/tasks.o
 .bss.uxDeletedTasksWaitingCleanUp
                0x20001734        0x4 build/tasks.o
 .bss.xTasksWaitingTermination
                0x20001738       0x14 build/tasks.o
 .bss.xPendingReadyList
                0x2000174c       0x14 build/tasks.o
 .bss.pxOverflowDelayedTaskList
                0x20001760        0x4 build/tasks.o
 .bss.pxDelayedTaskList
                0x20001764        0x4 build/tasks.o
 .bss.xDelayedTaskList2
                0x20001768       0x14 build/tasks.o
 .bss.xDelayedTaskList1
                0x2000177c       0x14 build/tasks.o
 .bss.pxReadyTasksLists
                0x20001790      0x460 build/tasks.o
 .bss.pxCurrentTCB
                0x20001bf0        0x4 build/tasks.o
                0x20001bf0                pxCurrentTCB
 .bss.xStaticTimerQueue.0
                0x20001bf4       0x50 build/timers.o
 .bss.ucStaticTimerQueueStorage.1
                0x20001c44       0xa0 build/timers.o
 .bss.xLastTime.2
                0x20001ce4        0x4 build/timers.o
 .bss.xTimerTaskHandle
                0x20001ce8        0x4 build/timers.o
 .bss.xTimerQueue
                0x20001cec        0x4 build/timers.o
 .bss.pxOverflowTimerList
                0x20001cf0        0x4 build/timers.o
 .bss.pxCurrentTimerList
                0x20001cf4        0x4 build/timers.o
 .bss.xActiveTimerList2
                0x20001cf8       0x14 build/timers.o
 .bss.xActiveTimerList1
                0x20001d0c       0x14 build/timers.o
 *(COMMON)
                0x20001d20                        . = ALIGN (0x4)
                0x20001d20                        _ebss = .
                0x20001d20                        __bss_end__ = _ebss

._user_heap_stack
                0x20001d20      0x600 load address 0x08004940
                0x20001d20                        . = ALIGN (0x8)
                0x20001d20                        PROVIDE (end = .)
                [!provide]                        PROVIDE (_end = .)
                0x20001f20                        . = (. + _Min_Heap_Size)
 *fill*         0x20001d20      0x200 
                0x20002320                        . = (. + _Min_Stack_Size)
 *fill*         0x20001f20      0x400 
                0x20002320                        . = ALIGN (0x8)

/DISCARD/
 libc.a(*)
 libm.a(*)
 libgcc.a(*)

.ARM.attributes
                0x00000000       0x30
 *(.ARM.attributes)
 .ARM.attributes
                0x00000000       0x22 c:/users/admin/appdata/roaming/code/user/globalstorage/bmd.stm32-for-vscode/@xpack-dev-tools/arm-none-eabi-gcc/12.3.1-1.1.1/.content/bin/../lib/gcc/arm-none-eabi/12.3.1/thumb/v7e-m+fp/hard/crti.o
 .ARM.attributes
                0x00000022       0x34 c:/users/admin/appdata/roaming/code/user/globalstorage/bmd.stm32-for-vscode/@xpack-dev-tools/arm-none-eabi-gcc/12.3.1-1.1.1/.content/bin/../lib/gcc/arm-none-eabi/12.3.1/thumb/v7e-m+fp/hard/crtbegin.o
 .ARM.attributes
                0x00000056       0x34 build/main.o
 .ARM.attributes
                0x0000008a       0x34 build/stm32wbxx_hal_msp.o
 .ARM.attributes
                0x000000be       0x34 build/stm32wbxx_it.o
 .ARM.attributes
                0x000000f2       0x34 build/system_stm32wbxx.o
 .ARM.attributes
                0x00000126       0x34 build/stm32wbxx_hal.o
 .ARM.attributes
                0x0000015a       0x34 build/stm32wbxx_hal_cortex.o
 .ARM.attributes
                0x0000018e       0x34 build/stm32wbxx_hal_gpio.o
 .ARM.attributes
                0x000001c2       0x34 build/stm32wbxx_hal_pcd.o
 .ARM.attributes
                0x000001f6       0x34 build/stm32wbxx_hal_pcd_ex.o
 .ARM.attributes
                0x0000022a       0x34 build/stm32wbxx_hal_pwr.o
 .ARM.attributes
                0x0000025e       0x34 build/stm32wbxx_hal_pwr_ex.o
 .ARM.attributes
                0x00000292       0x34 build/stm32wbxx_hal_rcc.o
 .ARM.attributes
                0x000002c6       0x34 build/stm32wbxx_hal_rcc_ex.o
 .ARM.attributes
                0x000002fa       0x34 build/stm32wbxx_hal_uart.o
 .ARM.attributes
                0x0000032e       0x34 build/stm32wbxx_hal_uart_ex.o
 .ARM.attributes
                0x00000362       0x34 build/stm32wbxx_ll_usb.o
 .ARM.attributes
                0x00000396       0x34 build/cmsis_os2.o
 .ARM.attributes
                0x000003ca       0x34 build/list.o
 .ARM.attributes
                0x000003fe       0x34 build/port.o
 .ARM.attributes
                0x00000432       0x34 build/heap_4.o
 .ARM.attributes
                0x00000466       0x34 build/queue.o
 .ARM.attributes
                0x0000049a       0x34 build/tasks.o
 .ARM.attributes
                0x000004ce       0x34 build/timers.o
 .ARM.attributes
                0x00000502       0x21 build/startup_stm32wb55xx_cm4.o
 .ARM.attributes
                0x00000523       0x34 c:/users/admin/appdata/roaming/code/user/globalstorage/bmd.stm32-for-vscode/@xpack-dev-tools/arm-none-eabi-gcc/12.3.1-1.1.1/.content/bin/../lib/gcc/arm-none-eabi/12.3.1/../../../../arm-none-eabi/lib/thumb/v7e-m+fp/hard\libc_nano.a(libc_a-memset.o)
 .ARM.attributes
                0x00000557       0x34 c:/users/admin/appdata/roaming/code/user/globalstorage/bmd.stm32-for-vscode/@xpack-dev-tools/arm-none-eabi-gcc/12.3.1-1.1.1/.content/bin/../lib/gcc/arm-none-eabi/12.3.1/../../../../arm-none-eabi/lib/thumb/v7e-m+fp/hard\libc_nano.a(libc_a-init.o)
 .ARM.attributes
                0x0000058b       0x34 c:/users/admin/appdata/roaming/code/user/globalstorage/bmd.stm32-for-vscode/@xpack-dev-tools/arm-none-eabi-gcc/12.3.1-1.1.1/.content/bin/../lib/gcc/arm-none-eabi/12.3.1/../../../../arm-none-eabi/lib/thumb/v7e-m+fp/hard\libc_nano.a(libc_a-memcpy-stub.o)
 .ARM.attributes
                0x000005bf       0x22 c:/users/admin/appdata/roaming/code/user/globalstorage/bmd.stm32-for-vscode/@xpack-dev-tools/arm-none-eabi-gcc/12.3.1-1.1.1/.content/bin/../lib/gcc/arm-none-eabi/12.3.1/thumb/v7e-m+fp/hard\libgcc.a(_aeabi_uldivmod.o)
 .ARM.attributes
                0x000005e1       0x34 c:/users/admin/appdata/roaming/code/user/globalstorage/bmd.stm32-for-vscode/@xpack-dev-tools/arm-none-eabi-gcc/12.3.1-1.1.1/.content/bin/../lib/gcc/arm-none-eabi/12.3.1/thumb/v7e-m+fp/hard\libgcc.a(_udivmoddi4.o)
 .ARM.attributes
                0x00000615       0x22 c:/users/admin/appdata/roaming/code/user/globalstorage/bmd.stm32-for-vscode/@xpack-dev-tools/arm-none-eabi-gcc/12.3.1-1.1.1/.content/bin/../lib/gcc/arm-none-eabi/12.3.1/thumb/v7e-m+fp/hard\libgcc.a(_dvmd_tls.o)
 .ARM.attributes
                0x00000637       0x22 c:/users/admin/appdata/roaming/code/user/globalstorage/bmd.stm32-for-vscode/@xpack-dev-tools/arm-none-eabi-gcc/12.3.1-1.1.1/.content/bin/../lib/gcc/arm-none-eabi/12.3.1/thumb/v7e-m+fp/hard/crtn.o

MAPPING_TABLE
 *(MAPPING_TABLE)

MB_MEM1
 *(MB_MEM1)
                0x08004940                        _siMB_MEM2 = LOADADDR (.MB_MEM2)

.MB_MEM2        0x20030000        0x0 load address 0x08004940
                0x20030000                        _sMB_MEM2 = .
 *(MB_MEM2)
                0x20030000                        _eMB_MEM2 = .
OUTPUT(build/trafficFSM.elf elf32-littlearm)
LOAD linker stubs
LOAD c:/users/admin/appdata/roaming/code/user/globalstorage/bmd.stm32-for-vscode/@xpack-dev-tools/arm-none-eabi-gcc/12.3.1-1.1.1/.content/bin/../lib/gcc/arm-none-eabi/12.3.1/../../../../arm-none-eabi/lib/thumb/v7e-m+fp/hard\libc.a
LOAD c:/users/admin/appdata/roaming/code/user/globalstorage/bmd.stm32-for-vscode/@xpack-dev-tools/arm-none-eabi-gcc/12.3.1-1.1.1/.content/bin/../lib/gcc/arm-none-eabi/12.3.1/../../../../arm-none-eabi/lib/thumb/v7e-m+fp/hard\libm.a
LOAD c:/users/admin/appdata/roaming/code/user/globalstorage/bmd.stm32-for-vscode/@xpack-dev-tools/arm-none-eabi-gcc/12.3.1-1.1.1/.content/bin/../lib/gcc/arm-none-eabi/12.3.1/thumb/v7e-m+fp/hard\libgcc.a

.comment        0x00000000       0x39
 .comment       0x00000000       0x39 c:/users/admin/appdata/roaming/code/user/globalstorage/bmd.stm32-for-vscode/@xpack-dev-tools/arm-none-eabi-gcc/12.3.1-1.1.1/.content/bin/../lib/gcc/arm-none-eabi/12.3.1/thumb/v7e-m+fp/hard/crtbegin.o
                                 0x3a (size before relaxing)
 .comment       0x00000039       0x3a build/main.o
 .comment       0x00000039       0x3a build/stm32wbxx_hal_msp.o
 .comment       0x00000039       0x3a build/stm32wbxx_it.o
 .comment       0x00000039       0x3a build/system_stm32wbxx.o
 .comment       0x00000039       0x3a build/stm32wbxx_hal.o
 .comment       0x00000039       0x3a build/stm32wbxx_hal_cortex.o
 .comment       0x00000039       0x3a build/stm32wbxx_hal_gpio.o
 .comment       0x00000039       0x3a build/stm32wbxx_hal_pcd.o
 .comment       0x00000039       0x3a build/stm32wbxx_hal_pcd_ex.o
 .comment       0x00000039       0x3a build/stm32wbxx_hal_pwr.o
 .comment       0x00000039       0x3a build/stm32wbxx_hal_pwr_ex.o
 .comment       0x00000039       0x3a build/stm32wbxx_hal_rcc.o
 .comment       0x00000039       0x3a build/stm32wbxx_hal_rcc_ex.o
 .comment       0x00000039       0x3a build/stm32wbxx_hal_uart.o
 .comment       0x00000039       0x3a build/stm32wbxx_hal_uart_ex.o
 .comment       0x00000039       0x3a build/stm32wbxx_ll_usb.o
 .comment       0x00000039       0x3a build/cmsis_os2.o
 .comment       0x00000039       0x3a build/list.o
 .comment       0x00000039       0x3a build/port.o
 .comment       0x00000039       0x3a build/heap_4.o
 .comment       0x00000039       0x3a build/queue.o
 .comment       0x00000039       0x3a build/tasks.o
 .comment       0x00000039       0x3a build/timers.o
 .comment       0x00000039       0x3a c:/users/admin/appdata/roaming/code/user/globalstorage/bmd.stm32-for-vscode/@xpack-dev-tools/arm-none-eabi-gcc/12.3.1-1.1.1/.content/bin/../lib/gcc/arm-none-eabi/12.3.1/../../../../arm-none-eabi/lib/thumb/v7e-m+fp/hard\libc_nano.a(libc_a-memset.o)
 .comment       0x00000039       0x3a c:/users/admin/appdata/roaming/code/user/globalstorage/bmd.stm32-for-vscode/@xpack-dev-tools/arm-none-eabi-gcc/12.3.1-1.1.1/.content/bin/../lib/gcc/arm-none-eabi/12.3.1/../../../../arm-none-eabi/lib/thumb/v7e-m+fp/hard\libc_nano.a(libc_a-init.o)
 .comment       0x00000039       0x3a c:/users/admin/appdata/roaming/code/user/globalstorage/bmd.stm32-for-vscode/@xpack-dev-tools/arm-none-eabi-gcc/12.3.1-1.1.1/.content/bin/../lib/gcc/arm-none-eabi/12.3.1/../../../../arm-none-eabi/lib/thumb/v7e-m+fp/hard\libc_nano.a(libc_a-memcpy-stub.o)
 .comment       0x00000039       0x3a c:/users/admin/appdata/roaming/code/user/globalstorage/bmd.stm32-for-vscode/@xpack-dev-tools/arm-none-eabi-gcc/12.3.1-1.1.1/.content/bin/../lib/gcc/arm-none-eabi/12.3.1/thumb/v7e-m+fp/hard\libgcc.a(_udivmoddi4.o)

.debug_info     0x00000000    0x26d2c
 .debug_info    0x00000000     0x28cb build/main.o
 .debug_info    0x000028cb     0x1801 build/stm32wbxx_hal_msp.o
 .debug_info    0x000040cc      0x137 build/stm32wbxx_it.o
 .debug_info    0x00004203      0x71d build/system_stm32wbxx.o
 .debug_info    0x00004920     0x1668 build/stm32wbxx_hal.o
 .debug_info    0x00005f88      0xe92 build/stm32wbxx_hal_cortex.o
 .debug_info    0x00006e1a      0x6e5 build/stm32wbxx_hal_gpio.o
 .debug_info    0x000074ff     0x1b91 build/stm32wbxx_hal_pcd.o
 .debug_info    0x00009090      0x973 build/stm32wbxx_hal_pcd_ex.o
 .debug_info    0x00009a03      0x9ed build/stm32wbxx_hal_pwr.o
 .debug_info    0x0000a3f0     0x138e build/stm32wbxx_hal_pwr_ex.o
 .debug_info    0x0000b77e     0x2120 build/stm32wbxx_hal_rcc.o
 .debug_info    0x0000d89e     0x3066 build/stm32wbxx_hal_rcc_ex.o
 .debug_info    0x00010904     0x6360 build/stm32wbxx_hal_uart.o
 .debug_info    0x00016c64     0x124a build/stm32wbxx_hal_uart_ex.o
 .debug_info    0x00017eae     0x19cb build/stm32wbxx_ll_usb.o
 .debug_info    0x00019879     0x4cae build/cmsis_os2.o
 .debug_info    0x0001e527      0x2bf build/list.o
 .debug_info    0x0001e7e6      0x55a build/port.o
 .debug_info    0x0001ed40      0x593 build/heap_4.o
 .debug_info    0x0001f2d3     0x2775 build/queue.o
 .debug_info    0x00021a48     0x3067 build/tasks.o
 .debug_info    0x00024aaf     0x1af0 build/timers.o
 .debug_info    0x0002659f       0x30 build/startup_stm32wb55xx_cm4.o
 .debug_info    0x000265cf       0x24 c:/users/admin/appdata/roaming/code/user/globalstorage/bmd.stm32-for-vscode/@xpack-dev-tools/arm-none-eabi-gcc/12.3.1-1.1.1/.content/bin/../lib/gcc/arm-none-eabi/12.3.1/thumb/v7e-m+fp/hard\libgcc.a(_aeabi_uldivmod.o)
 .debug_info    0x000265f3      0x6fd c:/users/admin/appdata/roaming/code/user/globalstorage/bmd.stm32-for-vscode/@xpack-dev-tools/arm-none-eabi-gcc/12.3.1-1.1.1/.content/bin/../lib/gcc/arm-none-eabi/12.3.1/thumb/v7e-m+fp/hard\libgcc.a(_udivmoddi4.o)
 .debug_info    0x00026cf0       0x3c c:/users/admin/appdata/roaming/code/user/globalstorage/bmd.stm32-for-vscode/@xpack-dev-tools/arm-none-eabi-gcc/12.3.1-1.1.1/.content/bin/../lib/gcc/arm-none-eabi/12.3.1/thumb/v7e-m+fp/hard\libgcc.a(_dvmd_tls.o)

.debug_abbrev   0x00000000     0x4652
 .debug_abbrev  0x00000000      0x401 build/main.o
 .debug_abbrev  0x00000401      0x28c build/stm32wbxx_hal_msp.o
 .debug_abbrev  0x0000068d       0xb3 build/stm32wbxx_it.o
 .debug_abbrev  0x00000740      0x13f build/system_stm32wbxx.o
 .debug_abbrev  0x0000087f      0x3b1 build/stm32wbxx_hal.o
 .debug_abbrev  0x00000c30      0x390 build/stm32wbxx_hal_cortex.o
 .debug_abbrev  0x00000fc0      0x201 build/stm32wbxx_hal_gpio.o
 .debug_abbrev  0x000011c1      0x2e2 build/stm32wbxx_hal_pcd.o
 .debug_abbrev  0x000014a3      0x26d build/stm32wbxx_hal_pcd_ex.o
 .debug_abbrev  0x00001710      0x233 build/stm32wbxx_hal_pwr.o
 .debug_abbrev  0x00001943      0x369 build/stm32wbxx_hal_pwr_ex.o
 .debug_abbrev  0x00001cac      0x360 build/stm32wbxx_hal_rcc.o
 .debug_abbrev  0x0000200c      0x474 build/stm32wbxx_hal_rcc_ex.o
 .debug_abbrev  0x00002480      0x34e build/stm32wbxx_hal_uart.o
 .debug_abbrev  0x000027ce      0x344 build/stm32wbxx_hal_uart_ex.o
 .debug_abbrev  0x00002b12      0x2c6 build/stm32wbxx_ll_usb.o
 .debug_abbrev  0x00002dd8      0x5b3 build/cmsis_os2.o
 .debug_abbrev  0x0000338b      0x10a build/list.o
 .debug_abbrev  0x00003495      0x293 build/port.o
 .debug_abbrev  0x00003728      0x263 build/heap_4.o
 .debug_abbrev  0x0000398b      0x3ea build/queue.o
 .debug_abbrev  0x00003d75      0x394 build/tasks.o
 .debug_abbrev  0x00004109      0x381 build/timers.o
 .debug_abbrev  0x0000448a       0x24 build/startup_stm32wb55xx_cm4.o
 .debug_abbrev  0x000044ae       0x14 c:/users/admin/appdata/roaming/code/user/globalstorage/bmd.stm32-for-vscode/@xpack-dev-tools/arm-none-eabi-gcc/12.3.1-1.1.1/.content/bin/../lib/gcc/arm-none-eabi/12.3.1/thumb/v7e-m+fp/hard\libgcc.a(_aeabi_uldivmod.o)
 .debug_abbrev  0x000044c2      0x16a c:/users/admin/appdata/roaming/code/user/globalstorage/bmd.stm32-for-vscode/@xpack-dev-tools/arm-none-eabi-gcc/12.3.1-1.1.1/.content/bin/../lib/gcc/arm-none-eabi/12.3.1/thumb/v7e-m+fp/hard\libgcc.a(_udivmoddi4.o)
 .debug_abbrev  0x0000462c       0x26 c:/users/admin/appdata/roaming/code/user/globalstorage/bmd.stm32-for-vscode/@xpack-dev-tools/arm-none-eabi-gcc/12.3.1-1.1.1/.content/bin/../lib/gcc/arm-none-eabi/12.3.1/thumb/v7e-m+fp/hard\libgcc.a(_dvmd_tls.o)

.debug_loclists
                0x00000000     0xf6dd
 .debug_loclists
                0x00000000      0x13c build/main.o
 .debug_loclists
                0x0000013c       0xfa build/stm32wbxx_hal_msp.o
 .debug_loclists
                0x00000236       0x90 build/system_stm32wbxx.o
 .debug_loclists
                0x000002c6      0x2a8 build/stm32wbxx_hal.o
 .debug_loclists
                0x0000056e      0x403 build/stm32wbxx_hal_cortex.o
 .debug_loclists
                0x00000971      0x289 build/stm32wbxx_hal_gpio.o
 .debug_loclists
                0x00000bfa      0xd21 build/stm32wbxx_hal_pcd.o
 .debug_loclists
                0x0000191b      0x193 build/stm32wbxx_hal_pcd_ex.o
 .debug_loclists
                0x00001aae      0x176 build/stm32wbxx_hal_pwr.o
 .debug_loclists
                0x00001c24      0x6e1 build/stm32wbxx_hal_pwr_ex.o
 .debug_loclists
                0x00002305      0x8fa build/stm32wbxx_hal_rcc.o
 .debug_loclists
                0x00002bff     0x1136 build/stm32wbxx_hal_rcc_ex.o
 .debug_loclists
                0x00003d35     0x3498 build/stm32wbxx_hal_uart.o
 .debug_loclists
                0x000071cd      0x756 build/stm32wbxx_hal_uart_ex.o
 .debug_loclists
                0x00007923      0xf25 build/stm32wbxx_ll_usb.o
 .debug_loclists
                0x00008848     0x31d5 build/cmsis_os2.o
 .debug_loclists
                0x0000ba1d       0x6f build/list.o
 .debug_loclists
                0x0000ba8c       0xbb build/port.o
 .debug_loclists
                0x0000bb47      0x2ab build/heap_4.o
 .debug_loclists
                0x0000bdf2      0xfbc build/queue.o
 .debug_loclists
                0x0000cdae     0x156b build/tasks.o
 .debug_loclists
                0x0000e319      0xa40 build/timers.o
 .debug_loclists
                0x0000ed59      0x984 c:/users/admin/appdata/roaming/code/user/globalstorage/bmd.stm32-for-vscode/@xpack-dev-tools/arm-none-eabi-gcc/12.3.1-1.1.1/.content/bin/../lib/gcc/arm-none-eabi/12.3.1/thumb/v7e-m+fp/hard\libgcc.a(_udivmoddi4.o)

.debug_aranges  0x00000000     0x15d0
 .debug_aranges
                0x00000000       0x80 build/main.o
 .debug_aranges
                0x00000080       0x40 build/stm32wbxx_hal_msp.o
 .debug_aranges
                0x000000c0       0x50 build/stm32wbxx_it.o
 .debug_aranges
                0x00000110       0x28 build/system_stm32wbxx.o
 .debug_aranges
                0x00000138      0x158 build/stm32wbxx_hal.o
 .debug_aranges
                0x00000290       0xd8 build/stm32wbxx_hal_cortex.o
 .debug_aranges
                0x00000368       0x60 build/stm32wbxx_hal_gpio.o
 .debug_aranges
                0x000003c8      0x138 build/stm32wbxx_hal_pcd.o
 .debug_aranges
                0x00000500       0x58 build/stm32wbxx_hal_pcd_ex.o
 .debug_aranges
                0x00000558       0x98 build/stm32wbxx_hal_pwr.o
 .debug_aranges
                0x000005f0      0x1b8 build/stm32wbxx_hal_pwr_ex.o
 .debug_aranges
                0x000007a8       0xa8 build/stm32wbxx_hal_rcc.o
 .debug_aranges
                0x00000850      0x138 build/stm32wbxx_hal_rcc_ex.o
 .debug_aranges
                0x00000988      0x248 build/stm32wbxx_hal_uart.o
 .debug_aranges
                0x00000bd0       0xa8 build/stm32wbxx_hal_uart_ex.o
 .debug_aranges
                0x00000c78       0xc8 build/stm32wbxx_ll_usb.o
 .debug_aranges
                0x00000d40      0x298 build/cmsis_os2.o
 .debug_aranges
                0x00000fd8       0x40 build/list.o
 .debug_aranges
                0x00001018       0x80 build/port.o
 .debug_aranges
                0x00001098       0x58 build/heap_4.o
 .debug_aranges
                0x000010f0      0x158 build/queue.o
 .debug_aranges
                0x00001248      0x208 build/tasks.o
 .debug_aranges
                0x00001450       0xf0 build/timers.o
 .debug_aranges
                0x00001540       0x30 build/startup_stm32wb55xx_cm4.o
 .debug_aranges
                0x00001570       0x20 c:/users/admin/appdata/roaming/code/user/globalstorage/bmd.stm32-for-vscode/@xpack-dev-tools/arm-none-eabi-gcc/12.3.1-1.1.1/.content/bin/../lib/gcc/arm-none-eabi/12.3.1/thumb/v7e-m+fp/hard\libgcc.a(_aeabi_uldivmod.o)
 .debug_aranges
                0x00001590       0x20 c:/users/admin/appdata/roaming/code/user/globalstorage/bmd.stm32-for-vscode/@xpack-dev-tools/arm-none-eabi-gcc/12.3.1-1.1.1/.content/bin/../lib/gcc/arm-none-eabi/12.3.1/thumb/v7e-m+fp/hard\libgcc.a(_udivmoddi4.o)
 .debug_aranges
                0x000015b0       0x20 c:/users/admin/appdata/roaming/code/user/globalstorage/bmd.stm32-for-vscode/@xpack-dev-tools/arm-none-eabi-gcc/12.3.1-1.1.1/.content/bin/../lib/gcc/arm-none-eabi/12.3.1/thumb/v7e-m+fp/hard\libgcc.a(_dvmd_tls.o)

.debug_rnglists
                0x00000000     0x15ca
 .debug_rnglists
                0x00000000       0x60 build/main.o
 .debug_rnglists
                0x00000060       0x2d build/stm32wbxx_hal_msp.o
 .debug_rnglists
                0x0000008d       0x37 build/stm32wbxx_it.o
 .debug_rnglists
                0x000000c4       0x1a build/system_stm32wbxx.o
 .debug_rnglists
                0x000000de      0x109 build/stm32wbxx_hal.o
 .debug_rnglists
                0x000001e7       0x9d build/stm32wbxx_hal_cortex.o
 .debug_rnglists
                0x00000284       0x45 build/stm32wbxx_hal_gpio.o
 .debug_rnglists
                0x000002c9      0x166 build/stm32wbxx_hal_pcd.o
 .debug_rnglists
                0x0000042f       0x3e build/stm32wbxx_hal_pcd_ex.o
 .debug_rnglists
                0x0000046d       0x6e build/stm32wbxx_hal_pwr.o
 .debug_rnglists
                0x000004db      0x161 build/stm32wbxx_hal_pwr_ex.o
 .debug_rnglists
                0x0000063c      0x114 build/stm32wbxx_hal_rcc.o
 .debug_rnglists
                0x00000750      0x272 build/stm32wbxx_hal_rcc_ex.o
 .debug_rnglists
                0x000009c2      0x1cb build/stm32wbxx_hal_uart.o
 .debug_rnglists
                0x00000b8d       0x88 build/stm32wbxx_hal_uart_ex.o
 .debug_rnglists
                0x00000c15      0x1d7 build/stm32wbxx_ll_usb.o
 .debug_rnglists
                0x00000dec      0x1f8 build/cmsis_os2.o
 .debug_rnglists
                0x00000fe4       0x2b build/list.o
 .debug_rnglists
                0x0000100f       0x69 build/port.o
 .debug_rnglists
                0x00001078       0x3f build/heap_4.o
 .debug_rnglists
                0x000010b7      0x170 build/queue.o
 .debug_rnglists
                0x00001227      0x239 build/tasks.o
 .debug_rnglists
                0x00001460       0xb0 build/timers.o
 .debug_rnglists
                0x00001510       0x1f build/startup_stm32wb55xx_cm4.o
 .debug_rnglists
                0x0000152f       0x9b c:/users/admin/appdata/roaming/code/user/globalstorage/bmd.stm32-for-vscode/@xpack-dev-tools/arm-none-eabi-gcc/12.3.1-1.1.1/.content/bin/../lib/gcc/arm-none-eabi/12.3.1/thumb/v7e-m+fp/hard\libgcc.a(_udivmoddi4.o)

.debug_line     0x00000000    0x1cf39
 .debug_line    0x00000000      0x9dd build/main.o
 .debug_line    0x000009dd      0x551 build/stm32wbxx_hal_msp.o
 .debug_line    0x00000f2e      0x208 build/stm32wbxx_it.o
 .debug_line    0x00001136      0x376 build/system_stm32wbxx.o
 .debug_line    0x000014ac      0xa8d build/stm32wbxx_hal.o
 .debug_line    0x00001f39      0x878 build/stm32wbxx_hal_cortex.o
 .debug_line    0x000027b1      0x751 build/stm32wbxx_hal_gpio.o
 .debug_line    0x00002f02     0x1991 build/stm32wbxx_hal_pcd.o
 .debug_line    0x00004893      0x4e9 build/stm32wbxx_hal_pcd_ex.o
 .debug_line    0x00004d7c      0x562 build/stm32wbxx_hal_pwr.o
 .debug_line    0x000052de      0xe22 build/stm32wbxx_hal_pwr_ex.o
 .debug_line    0x00006100     0x199d build/stm32wbxx_hal_rcc.o
 .debug_line    0x00007a9d     0x2568 build/stm32wbxx_hal_rcc_ex.o
 .debug_line    0x0000a005     0x6493 build/stm32wbxx_hal_uart.o
 .debug_line    0x00010498      0xd32 build/stm32wbxx_hal_uart_ex.o
 .debug_line    0x000111ca     0x1976 build/stm32wbxx_ll_usb.o
 .debug_line    0x00012b40     0x2bb1 build/cmsis_os2.o
 .debug_line    0x000156f1      0x3fd build/list.o
 .debug_line    0x00015aee      0x773 build/port.o
 .debug_line    0x00016261      0x80f build/heap_4.o
 .debug_line    0x00016a70     0x20d0 build/queue.o
 .debug_line    0x00018b40     0x2d74 build/tasks.o
 .debug_line    0x0001b8b4      0xfbd build/timers.o
 .debug_line    0x0001c871       0x7f build/startup_stm32wb55xx_cm4.o
 .debug_line    0x0001c8f0       0x4e c:/users/admin/appdata/roaming/code/user/globalstorage/bmd.stm32-for-vscode/@xpack-dev-tools/arm-none-eabi-gcc/12.3.1-1.1.1/.content/bin/../lib/gcc/arm-none-eabi/12.3.1/thumb/v7e-m+fp/hard\libgcc.a(_aeabi_uldivmod.o)
 .debug_line    0x0001c93e      0x5b1 c:/users/admin/appdata/roaming/code/user/globalstorage/bmd.stm32-for-vscode/@xpack-dev-tools/arm-none-eabi-gcc/12.3.1-1.1.1/.content/bin/../lib/gcc/arm-none-eabi/12.3.1/thumb/v7e-m+fp/hard\libgcc.a(_udivmoddi4.o)
 .debug_line    0x0001ceef       0x4a c:/users/admin/appdata/roaming/code/user/globalstorage/bmd.stm32-for-vscode/@xpack-dev-tools/arm-none-eabi-gcc/12.3.1-1.1.1/.content/bin/../lib/gcc/arm-none-eabi/12.3.1/thumb/v7e-m+fp/hard\libgcc.a(_dvmd_tls.o)

.debug_str      0x00000000     0x93d1
 .debug_str     0x00000000     0x17c4 build/main.o
                               0x1912 (size before relaxing)
 .debug_str     0x000017c4      0x517 build/stm32wbxx_hal_msp.o
                               0x13b5 (size before relaxing)
 .debug_str     0x00001cdb       0xc4 build/stm32wbxx_it.o
                                0x243 (size before relaxing)
 .debug_str     0x00001d9f      0x102 build/system_stm32wbxx.o
                                0x4b5 (size before relaxing)
 .debug_str     0x00001ea1      0x991 build/stm32wbxx_hal.o
                               0x1243 (size before relaxing)
 .debug_str     0x00002832      0x414 build/stm32wbxx_hal_cortex.o
                                0xb1b (size before relaxing)
 .debug_str     0x00002c46      0x126 build/stm32wbxx_hal_gpio.o
                                0x47d (size before relaxing)
 .debug_str     0x00002d6c      0x549 build/stm32wbxx_hal_pcd.o
                                0xaed (size before relaxing)
 .debug_str     0x000032b5      0x183 build/stm32wbxx_hal_pcd_ex.o
                                0x777 (size before relaxing)
 .debug_str     0x00003438      0x324 build/stm32wbxx_hal_pwr.o
                                0x683 (size before relaxing)
 .debug_str     0x0000375c      0x881 build/stm32wbxx_hal_pwr_ex.o
                                0xd4e (size before relaxing)
 .debug_str     0x00003fdd      0x7d5 build/stm32wbxx_hal_rcc.o
                                0xf98 (size before relaxing)
 .debug_str     0x000047b2      0xb2f build/stm32wbxx_hal_rcc_ex.o
                               0x15a7 (size before relaxing)
 .debug_str     0x000052e1      0x8bb build/stm32wbxx_hal_uart.o
                               0x133d (size before relaxing)
 .debug_str     0x00005b9c      0x246 build/stm32wbxx_hal_uart_ex.o
                                0xb5f (size before relaxing)
 .debug_str     0x00005de2       0xd5 build/stm32wbxx_ll_usb.o
                                0x678 (size before relaxing)
 .debug_str     0x00005eb7     0x1389 build/cmsis_os2.o
                               0x20b7 (size before relaxing)
 .debug_str     0x00007240      0x136 build/list.o
                                0x2f6 (size before relaxing)
 .debug_str     0x00007376      0x22a build/port.o
                                0x476 (size before relaxing)
 .debug_str     0x000075a0      0x2c8 build/heap_4.o
                                0x50f (size before relaxing)
 .debug_str     0x00007868      0x61f build/queue.o
                                0xd0c (size before relaxing)
 .debug_str     0x00007e87      0x8d4 build/tasks.o
                               0x12db (size before relaxing)
 .debug_str     0x0000875b      0x4d0 build/timers.o
                                0xc3c (size before relaxing)
 .debug_str     0x00008c2b       0x36 build/startup_stm32wb55xx_cm4.o
                                 0x76 (size before relaxing)
 .debug_str     0x00008c61      0x112 c:/users/admin/appdata/roaming/code/user/globalstorage/bmd.stm32-for-vscode/@xpack-dev-tools/arm-none-eabi-gcc/12.3.1-1.1.1/.content/bin/../lib/gcc/arm-none-eabi/12.3.1/thumb/v7e-m+fp/hard\libgcc.a(_aeabi_uldivmod.o)
                                0x120 (size before relaxing)
 .debug_str     0x00008d73      0x5d3 c:/users/admin/appdata/roaming/code/user/globalstorage/bmd.stm32-for-vscode/@xpack-dev-tools/arm-none-eabi-gcc/12.3.1-1.1.1/.content/bin/../lib/gcc/arm-none-eabi/12.3.1/thumb/v7e-m+fp/hard\libgcc.a(_udivmoddi4.o)
                                0x72a (size before relaxing)
 .debug_str     0x00009346       0x8b c:/users/admin/appdata/roaming/code/user/globalstorage/bmd.stm32-for-vscode/@xpack-dev-tools/arm-none-eabi-gcc/12.3.1-1.1.1/.content/bin/../lib/gcc/arm-none-eabi/12.3.1/thumb/v7e-m+fp/hard\libgcc.a(_dvmd_tls.o)
                                0x140 (size before relaxing)

.debug_frame    0x00000000     0x38f4
 .debug_frame   0x00000000      0x164 build/main.o
 .debug_frame   0x00000164       0x98 build/stm32wbxx_hal_msp.o
 .debug_frame   0x000001fc       0x88 build/stm32wbxx_it.o
 .debug_frame   0x00000284       0x30 build/system_stm32wbxx.o
 .debug_frame   0x000002b4      0x2cc build/stm32wbxx_hal.o
 .debug_frame   0x00000580      0x1d4 build/stm32wbxx_hal_cortex.o
 .debug_frame   0x00000754       0xdc build/stm32wbxx_hal_gpio.o
 .debug_frame   0x00000830      0x354 build/stm32wbxx_hal_pcd.o
 .debug_frame   0x00000b84       0x9c build/stm32wbxx_hal_pcd_ex.o
 .debug_frame   0x00000c20      0x120 build/stm32wbxx_hal_pwr.o
 .debug_frame   0x00000d40      0x378 build/stm32wbxx_hal_pwr_ex.o
 .debug_frame   0x000010b8      0x1e8 build/stm32wbxx_hal_rcc.o
 .debug_frame   0x000012a0      0x2d4 build/stm32wbxx_hal_rcc_ex.o
 .debug_frame   0x00001574      0x67c build/stm32wbxx_hal_uart.o
 .debug_frame   0x00001bf0      0x1d8 build/stm32wbxx_hal_uart_ex.o
 .debug_frame   0x00001dc8      0x1a0 build/stm32wbxx_ll_usb.o
 .debug_frame   0x00001f68      0x8f4 build/cmsis_os2.o
 .debug_frame   0x0000285c       0x70 build/list.o
 .debug_frame   0x000028cc      0x110 build/port.o
 .debug_frame   0x000029dc       0xd0 build/heap_4.o
 .debug_frame   0x00002aac      0x458 build/queue.o
 .debug_frame   0x00002f04      0x684 build/tasks.o
 .debug_frame   0x00003588      0x30c build/timers.o
 .debug_frame   0x00003894       0x2c c:/users/admin/appdata/roaming/code/user/globalstorage/bmd.stm32-for-vscode/@xpack-dev-tools/arm-none-eabi-gcc/12.3.1-1.1.1/.content/bin/../lib/gcc/arm-none-eabi/12.3.1/thumb/v7e-m+fp/hard\libgcc.a(_aeabi_uldivmod.o)
 .debug_frame   0x000038c0       0x34 c:/users/admin/appdata/roaming/code/user/globalstorage/bmd.stm32-for-vscode/@xpack-dev-tools/arm-none-eabi-gcc/12.3.1-1.1.1/.content/bin/../lib/gcc/arm-none-eabi/12.3.1/thumb/v7e-m+fp/hard\libgcc.a(_udivmoddi4.o)

.debug_line_str
                0x00000000      0x178
 .debug_line_str
                0x00000000       0x5a build/startup_stm32wb55xx_cm4.o
 .debug_line_str
                0x0000005a      0x112 c:/users/admin/appdata/roaming/code/user/globalstorage/bmd.stm32-for-vscode/@xpack-dev-tools/arm-none-eabi-gcc/12.3.1-1.1.1/.content/bin/../lib/gcc/arm-none-eabi/12.3.1/thumb/v7e-m+fp/hard\libgcc.a(_aeabi_uldivmod.o)
 .debug_line_str
                0x0000016c        0xc c:/users/admin/appdata/roaming/code/user/globalstorage/bmd.stm32-for-vscode/@xpack-dev-tools/arm-none-eabi-gcc/12.3.1-1.1.1/.content/bin/../lib/gcc/arm-none-eabi/12.3.1/thumb/v7e-m+fp/hard\libgcc.a(_dvmd_tls.o)
                                0x116 (size before relaxing)

Cross Reference Table

Symbol                                            File
ADC1_IRQHandler                                   build/startup_stm32wb55xx_cm4.o
AES1_IRQHandler                                   build/startup_stm32wb55xx_cm4.o
AES2_IRQHandler                                   build/startup_stm32wb55xx_cm4.o
AHBPrescTable                                     build/system_stm32wbxx.o
                                                  build/stm32wbxx_hal_rcc_ex.o
                                                  build/stm32wbxx_hal_rcc.o
APBPrescTable                                     build/system_stm32wbxx.o
                                                  build/stm32wbxx_hal_rcc_ex.o
                                                  build/stm32wbxx_hal_rcc.o
BusFault_Handler                                  build/stm32wbxx_it.o
C2SEV_PWR_C2H_IRQHandler                          build/startup_stm32wb55xx_cm4.o
COMP_IRQHandler                                   build/startup_stm32wb55xx_cm4.o
CRS_IRQHandler                                    build/startup_stm32wb55xx_cm4.o
DMA1_Channel1_IRQHandler                          build/startup_stm32wb55xx_cm4.o
DMA1_Channel2_IRQHandler                          build/startup_stm32wb55xx_cm4.o
DMA1_Channel3_IRQHandler                          build/startup_stm32wb55xx_cm4.o
DMA1_Channel4_IRQHandler                          build/startup_stm32wb55xx_cm4.o
DMA1_Channel5_IRQHandler                          build/startup_stm32wb55xx_cm4.o
DMA1_Channel6_IRQHandler                          build/startup_stm32wb55xx_cm4.o
DMA1_Channel7_IRQHandler                          build/startup_stm32wb55xx_cm4.o
DMA2_Channel1_IRQHandler                          build/startup_stm32wb55xx_cm4.o
DMA2_Channel2_IRQHandler                          build/startup_stm32wb55xx_cm4.o
DMA2_Channel3_IRQHandler                          build/startup_stm32wb55xx_cm4.o
DMA2_Channel4_IRQHandler                          build/startup_stm32wb55xx_cm4.o
DMA2_Channel5_IRQHandler                          build/startup_stm32wb55xx_cm4.o
DMA2_Channel6_IRQHandler                          build/startup_stm32wb55xx_cm4.o
DMA2_Channel7_IRQHandler                          build/startup_stm32wb55xx_cm4.o
DMAMUX1_OVR_IRQHandler                            build/startup_stm32wb55xx_cm4.o
DebugMon_Handler                                  build/stm32wbxx_it.o
Default_Handler                                   build/startup_stm32wb55xx_cm4.o
EXTI0_IRQHandler                                  build/startup_stm32wb55xx_cm4.o
EXTI15_10_IRQHandler                              build/startup_stm32wb55xx_cm4.o
EXTI1_IRQHandler                                  build/startup_stm32wb55xx_cm4.o
EXTI2_IRQHandler                                  build/startup_stm32wb55xx_cm4.o
EXTI3_IRQHandler                                  build/startup_stm32wb55xx_cm4.o
EXTI4_IRQHandler                                  build/startup_stm32wb55xx_cm4.o
EXTI9_5_IRQHandler                                build/startup_stm32wb55xx_cm4.o
Error_Handler                                     build/main.o
                                                  build/stm32wbxx_hal_msp.o
FLASH_IRQHandler                                  build/startup_stm32wb55xx_cm4.o
FLASH_PageErase                                   build/stm32wbxx_hal_flash_ex.o
                                                  build/stm32wbxx_hal_flash.o
FLASH_WaitForLastOperation                        build/stm32wbxx_hal_flash.o
                                                  build/stm32wbxx_hal_flash_ex.o
FPU_IRQHandler                                    build/startup_stm32wb55xx_cm4.o
HAL_DBGMCU_DisableDBGSleepMode                    build/stm32wbxx_hal.o
HAL_DBGMCU_DisableDBGStandbyMode                  build/stm32wbxx_hal.o
HAL_DBGMCU_DisableDBGStopMode                     build/stm32wbxx_hal.o
HAL_DBGMCU_EnableDBGSleepMode                     build/stm32wbxx_hal.o
HAL_DBGMCU_EnableDBGStandbyMode                   build/stm32wbxx_hal.o
HAL_DBGMCU_EnableDBGStopMode                      build/stm32wbxx_hal.o
HAL_DMAEx_ConfigMuxRequestGenerator               build/stm32wbxx_hal_dma_ex.o
HAL_DMAEx_ConfigMuxSync                           build/stm32wbxx_hal_dma_ex.o
HAL_DMAEx_DisableMuxRequestGenerator              build/stm32wbxx_hal_dma_ex.o
HAL_DMAEx_EnableMuxRequestGenerator               build/stm32wbxx_hal_dma_ex.o
HAL_DMAEx_MUX_IRQHandler                          build/stm32wbxx_hal_dma_ex.o
HAL_DMA_Abort                                     build/stm32wbxx_hal_dma.o
                                                  build/stm32wbxx_hal_uart.o
HAL_DMA_Abort_IT                                  build/stm32wbxx_hal_dma.o
                                                  build/stm32wbxx_hal_uart.o
HAL_DMA_DeInit                                    build/stm32wbxx_hal_dma.o
HAL_DMA_GetError                                  build/stm32wbxx_hal_dma.o
                                                  build/stm32wbxx_hal_uart.o
HAL_DMA_GetState                                  build/stm32wbxx_hal_dma.o
HAL_DMA_IRQHandler                                build/stm32wbxx_hal_dma.o
HAL_DMA_Init                                      build/stm32wbxx_hal_dma.o
HAL_DMA_PollForTransfer                           build/stm32wbxx_hal_dma.o
HAL_DMA_RegisterCallback                          build/stm32wbxx_hal_dma.o
HAL_DMA_Start                                     build/stm32wbxx_hal_dma.o
HAL_DMA_Start_IT                                  build/stm32wbxx_hal_dma.o
                                                  build/stm32wbxx_hal_uart.o
HAL_DMA_UnRegisterCallback                        build/stm32wbxx_hal_dma.o
HAL_DeInit                                        build/stm32wbxx_hal.o
HAL_Delay                                         build/stm32wbxx_hal.o
                                                  build/stm32wbxx_hal_pcd_ex.o
HAL_EXTI_ClearConfigLine                          build/stm32wbxx_hal_exti.o
HAL_EXTI_ClearPending                             build/stm32wbxx_hal_exti.o
HAL_EXTI_GenerateSWI                              build/stm32wbxx_hal_exti.o
HAL_EXTI_GetConfigLine                            build/stm32wbxx_hal_exti.o
HAL_EXTI_GetHandle                                build/stm32wbxx_hal_exti.o
HAL_EXTI_GetPending                               build/stm32wbxx_hal_exti.o
HAL_EXTI_IRQHandler                               build/stm32wbxx_hal_exti.o
HAL_EXTI_RegisterCallback                         build/stm32wbxx_hal_exti.o
HAL_EXTI_SetConfigLine                            build/stm32wbxx_hal_exti.o
HAL_FLASHEx_AllowOperation                        build/stm32wbxx_hal_flash_ex.o
HAL_FLASHEx_Erase                                 build/stm32wbxx_hal_flash_ex.o
HAL_FLASHEx_Erase_IT                              build/stm32wbxx_hal_flash_ex.o
HAL_FLASHEx_FlashEmptyCheck                       build/stm32wbxx_hal_flash_ex.o
HAL_FLASHEx_ForceFlashEmpty                       build/stm32wbxx_hal_flash_ex.o
HAL_FLASHEx_IsOperationSuspended                  build/stm32wbxx_hal_flash_ex.o
HAL_FLASHEx_OBGetConfig                           build/stm32wbxx_hal_flash_ex.o
HAL_FLASHEx_OBProgram                             build/stm32wbxx_hal_flash_ex.o
HAL_FLASHEx_SuspendOperation                      build/stm32wbxx_hal_flash_ex.o
HAL_FLASH_EndOfOperationCallback                  build/stm32wbxx_hal_flash.o
HAL_FLASH_GetError                                build/stm32wbxx_hal_flash.o
HAL_FLASH_IRQHandler                              build/stm32wbxx_hal_flash.o
HAL_FLASH_Lock                                    build/stm32wbxx_hal_flash.o
HAL_FLASH_OB_Launch                               build/stm32wbxx_hal_flash.o
HAL_FLASH_OB_Lock                                 build/stm32wbxx_hal_flash.o
HAL_FLASH_OB_Unlock                               build/stm32wbxx_hal_flash.o
HAL_FLASH_OperationErrorCallback                  build/stm32wbxx_hal_flash.o
HAL_FLASH_Program                                 build/stm32wbxx_hal_flash.o
HAL_FLASH_Program_IT                              build/stm32wbxx_hal_flash.o
HAL_FLASH_Unlock                                  build/stm32wbxx_hal_flash.o
HAL_GPIO_DeInit                                   build/stm32wbxx_hal_gpio.o
                                                  build/stm32wbxx_hal_msp.o
HAL_GPIO_EXTI_Callback                            build/stm32wbxx_hal_gpio.o
HAL_GPIO_EXTI_IRQHandler                          build/stm32wbxx_hal_gpio.o
HAL_GPIO_Init                                     build/stm32wbxx_hal_gpio.o
                                                  build/stm32wbxx_hal_rcc_ex.o
                                                  build/stm32wbxx_hal_rcc.o
                                                  build/stm32wbxx_hal_msp.o
                                                  build/main.o
HAL_GPIO_LockPin                                  build/stm32wbxx_hal_gpio.o
HAL_GPIO_ReadPin                                  build/stm32wbxx_hal_gpio.o
                                                  build/main.o
HAL_GPIO_TogglePin                                build/stm32wbxx_hal_gpio.o
HAL_GPIO_WriteMultipleStatePin                    build/stm32wbxx_hal_gpio.o
HAL_GPIO_WritePin                                 build/stm32wbxx_hal_gpio.o
                                                  build/main.o
HAL_GetDEVID                                      build/stm32wbxx_hal.o
HAL_GetHalVersion                                 build/stm32wbxx_hal.o
HAL_GetREVID                                      build/stm32wbxx_hal.o
HAL_GetTick                                       build/stm32wbxx_hal.o
                                                  build/stm32wbxx_hal_uart_ex.o
                                                  build/stm32wbxx_hal_uart.o
                                                  build/stm32wbxx_hal_rcc_ex.o
                                                  build/stm32wbxx_hal_rcc.o
                                                  build/stm32wbxx_hal_pcd_ex.o
                                                  build/stm32wbxx_hal_flash.o
                                                  build/stm32wbxx_hal_dma.o
HAL_GetTickFreq                                   build/stm32wbxx_hal.o
HAL_GetTickPrio                                   build/stm32wbxx_hal.o
                                                  build/stm32wbxx_hal_rcc.o
HAL_GetUIDw0                                      build/stm32wbxx_hal.o
HAL_GetUIDw1                                      build/stm32wbxx_hal.o
HAL_GetUIDw2                                      build/stm32wbxx_hal.o
HAL_HalfDuplex_EnableReceiver                     build/stm32wbxx_hal_uart.o
HAL_HalfDuplex_EnableTransmitter                  build/stm32wbxx_hal_uart.o
HAL_HalfDuplex_Init                               build/stm32wbxx_hal_uart.o
HAL_IncTick                                       build/stm32wbxx_hal.o
                                                  build/stm32wbxx_it.o
HAL_Init                                          build/stm32wbxx_hal.o
                                                  build/main.o
HAL_InitTick                                      build/stm32wbxx_hal.o
                                                  build/stm32wbxx_hal_rcc.o
HAL_LIN_Init                                      build/stm32wbxx_hal_uart.o
HAL_LIN_SendBreak                                 build/stm32wbxx_hal_uart.o
HAL_MPU_ConfigRegion                              build/stm32wbxx_hal_cortex.o
HAL_MPU_Disable                                   build/stm32wbxx_hal_cortex.o
HAL_MPU_Enable                                    build/stm32wbxx_hal_cortex.o
HAL_MspDeInit                                     build/stm32wbxx_hal.o
HAL_MspInit                                       build/stm32wbxx_hal_msp.o
HAL_MultiProcessorEx_AddressLength_Set            build/stm32wbxx_hal_uart_ex.o
HAL_MultiProcessor_DisableMuteMode                build/stm32wbxx_hal_uart.o
HAL_MultiProcessor_EnableMuteMode                 build/stm32wbxx_hal_uart.o
HAL_MultiProcessor_EnterMuteMode                  build/stm32wbxx_hal_uart.o
HAL_MultiProcessor_Init                           build/stm32wbxx_hal_uart.o
HAL_NVIC_ClearPendingIRQ                          build/stm32wbxx_hal_cortex.o
HAL_NVIC_DisableIRQ                               build/stm32wbxx_hal_cortex.o
HAL_NVIC_EnableIRQ                                build/stm32wbxx_hal_cortex.o
HAL_NVIC_GetPendingIRQ                            build/stm32wbxx_hal_cortex.o
HAL_NVIC_GetPriority                              build/stm32wbxx_hal_cortex.o
HAL_NVIC_GetPriorityGrouping                      build/stm32wbxx_hal_cortex.o
HAL_NVIC_SetPendingIRQ                            build/stm32wbxx_hal_cortex.o
HAL_NVIC_SetPriority                              build/stm32wbxx_hal_cortex.o
                                                  build/stm32wbxx_hal.o
                                                  build/stm32wbxx_hal_msp.o
HAL_NVIC_SetPriorityGrouping                      build/stm32wbxx_hal_cortex.o
                                                  build/stm32wbxx_hal.o
HAL_NVIC_SystemReset                              build/stm32wbxx_hal_cortex.o
HAL_PCDEx_ActivateBCD                             build/stm32wbxx_hal_pcd_ex.o
HAL_PCDEx_ActivateLPM                             build/stm32wbxx_hal_pcd_ex.o
                                                  build/stm32wbxx_hal_pcd.o
HAL_PCDEx_BCD_Callback                            build/stm32wbxx_hal_pcd_ex.o
HAL_PCDEx_BCD_VBUSDetect                          build/stm32wbxx_hal_pcd_ex.o
HAL_PCDEx_DeActivateBCD                           build/stm32wbxx_hal_pcd_ex.o
HAL_PCDEx_DeActivateLPM                           build/stm32wbxx_hal_pcd_ex.o
HAL_PCDEx_LPM_Callback                            build/stm32wbxx_hal_pcd_ex.o
                                                  build/stm32wbxx_hal_pcd.o
HAL_PCDEx_PMAConfig                               build/stm32wbxx_hal_pcd_ex.o
HAL_PCD_ActivateRemoteWakeup                      build/stm32wbxx_hal_pcd.o
HAL_PCD_ConnectCallback                           build/stm32wbxx_hal_pcd.o
HAL_PCD_DataInStageCallback                       build/stm32wbxx_hal_pcd.o
HAL_PCD_DataOutStageCallback                      build/stm32wbxx_hal_pcd.o
HAL_PCD_DeActivateRemoteWakeup                    build/stm32wbxx_hal_pcd.o
HAL_PCD_DeInit                                    build/stm32wbxx_hal_pcd.o
HAL_PCD_DevConnect                                build/stm32wbxx_hal_pcd.o
HAL_PCD_DevDisconnect                             build/stm32wbxx_hal_pcd.o
HAL_PCD_DisconnectCallback                        build/stm32wbxx_hal_pcd.o
HAL_PCD_EP_Abort                                  build/stm32wbxx_hal_pcd.o
HAL_PCD_EP_Close                                  build/stm32wbxx_hal_pcd.o
HAL_PCD_EP_ClrStall                               build/stm32wbxx_hal_pcd.o
HAL_PCD_EP_Flush                                  build/stm32wbxx_hal_pcd.o
HAL_PCD_EP_GetRxCount                             build/stm32wbxx_hal_pcd.o
HAL_PCD_EP_Open                                   build/stm32wbxx_hal_pcd.o
HAL_PCD_EP_Receive                                build/stm32wbxx_hal_pcd.o
HAL_PCD_EP_SetStall                               build/stm32wbxx_hal_pcd.o
HAL_PCD_EP_Transmit                               build/stm32wbxx_hal_pcd.o
HAL_PCD_GetState                                  build/stm32wbxx_hal_pcd.o
HAL_PCD_IRQHandler                                build/stm32wbxx_hal_pcd.o
HAL_PCD_ISOINIncompleteCallback                   build/stm32wbxx_hal_pcd.o
HAL_PCD_ISOOUTIncompleteCallback                  build/stm32wbxx_hal_pcd.o
HAL_PCD_Init                                      build/stm32wbxx_hal_pcd.o
                                                  build/main.o
HAL_PCD_MspDeInit                                 build/stm32wbxx_hal_msp.o
HAL_PCD_MspInit                                   build/stm32wbxx_hal_msp.o
HAL_PCD_ResetCallback                             build/stm32wbxx_hal_pcd.o
HAL_PCD_ResumeCallback                            build/stm32wbxx_hal_pcd.o
HAL_PCD_SOFCallback                               build/stm32wbxx_hal_pcd.o
HAL_PCD_SetAddress                                build/stm32wbxx_hal_pcd.o
HAL_PCD_SetupStageCallback                        build/stm32wbxx_hal_pcd.o
HAL_PCD_Start                                     build/stm32wbxx_hal_pcd.o
HAL_PCD_Stop                                      build/stm32wbxx_hal_pcd.o
HAL_PCD_SuspendCallback                           build/stm32wbxx_hal_pcd.o
HAL_PWREx_ClearWakeupFlag                         build/stm32wbxx_hal_pwr_ex.o
HAL_PWREx_ConfigPVM                               build/stm32wbxx_hal_pwr_ex.o
HAL_PWREx_ConfigSMPS                              build/stm32wbxx_hal_pwr_ex.o
HAL_PWREx_ControlVoltageScaling                   build/stm32wbxx_hal_pwr_ex.o
HAL_PWREx_Disable802ActivityIT                    build/stm32wbxx_hal_pwr_ex.o
HAL_PWREx_DisableBLEActivityIT                    build/stm32wbxx_hal_pwr_ex.o
HAL_PWREx_DisableBORH_SMPSBypassIT                build/stm32wbxx_hal_pwr_ex.o
HAL_PWREx_DisableBatteryCharging                  build/stm32wbxx_hal_pwr_ex.o
HAL_PWREx_DisableFlashPowerDown                   build/stm32wbxx_hal_pwr_ex.o
HAL_PWREx_DisableGPIOPullDown                     build/stm32wbxx_hal_pwr_ex.o
HAL_PWREx_DisableGPIOPullUp                       build/stm32wbxx_hal_pwr_ex.o
HAL_PWREx_DisableHOLDC2IT                         build/stm32wbxx_hal_pwr_ex.o
HAL_PWREx_DisableInternalWakeUpLine               build/stm32wbxx_hal_pwr_ex.o
HAL_PWREx_DisableLowPowerRunMode                  build/stm32wbxx_hal_pwr_ex.o
                                                  build/stm32wbxx_hal_pwr.o
HAL_PWREx_DisablePVM1                             build/stm32wbxx_hal_pwr_ex.o
HAL_PWREx_DisablePVM3                             build/stm32wbxx_hal_pwr_ex.o
HAL_PWREx_DisablePullUpPullDownConfig             build/stm32wbxx_hal_pwr_ex.o
HAL_PWREx_DisableRFPhaseIT                        build/stm32wbxx_hal_pwr_ex.o
HAL_PWREx_DisableSRAMRetention                    build/stm32wbxx_hal_pwr_ex.o
HAL_PWREx_DisableVddUSB                           build/stm32wbxx_hal_pwr_ex.o
HAL_PWREx_Enable802ActivityIT                     build/stm32wbxx_hal_pwr_ex.o
HAL_PWREx_EnableBLEActivityIT                     build/stm32wbxx_hal_pwr_ex.o
HAL_PWREx_EnableBORH_SMPSBypassIT                 build/stm32wbxx_hal_pwr_ex.o
HAL_PWREx_EnableBatteryCharging                   build/stm32wbxx_hal_pwr_ex.o
HAL_PWREx_EnableFlashPowerDown                    build/stm32wbxx_hal_pwr_ex.o
HAL_PWREx_EnableGPIOPullDown                      build/stm32wbxx_hal_pwr_ex.o
HAL_PWREx_EnableGPIOPullUp                        build/stm32wbxx_hal_pwr_ex.o
HAL_PWREx_EnableHOLDC2IT                          build/stm32wbxx_hal_pwr_ex.o
HAL_PWREx_EnableInternalWakeUpLine                build/stm32wbxx_hal_pwr_ex.o
HAL_PWREx_EnableLowPowerRunMode                   build/stm32wbxx_hal_pwr_ex.o
                                                  build/stm32wbxx_hal_pwr.o
HAL_PWREx_EnablePVM1                              build/stm32wbxx_hal_pwr_ex.o
HAL_PWREx_EnablePVM3                              build/stm32wbxx_hal_pwr_ex.o
HAL_PWREx_EnablePullUpPullDownConfig              build/stm32wbxx_hal_pwr_ex.o
HAL_PWREx_EnableRFPhaseIT                         build/stm32wbxx_hal_pwr_ex.o
HAL_PWREx_EnableSRAMRetention                     build/stm32wbxx_hal_pwr_ex.o
HAL_PWREx_EnableVddUSB                            build/stm32wbxx_hal_pwr_ex.o
HAL_PWREx_EnableWakeUpPin                         build/stm32wbxx_hal_pwr_ex.o
HAL_PWREx_EnterSHUTDOWNMode                       build/stm32wbxx_hal_pwr_ex.o
HAL_PWREx_EnterSTOP0Mode                          build/stm32wbxx_hal_pwr_ex.o
                                                  build/stm32wbxx_hal_pwr.o
HAL_PWREx_EnterSTOP1Mode                          build/stm32wbxx_hal_pwr_ex.o
                                                  build/stm32wbxx_hal_pwr.o
HAL_PWREx_EnterSTOP2Mode                          build/stm32wbxx_hal_pwr_ex.o
HAL_PWREx_GetBORConfig                            build/stm32wbxx_hal_pwr_ex.o
HAL_PWREx_GetVoltageRange                         build/stm32wbxx_hal_pwr_ex.o
                                                  build/stm32wbxx_hal_rcc.o
HAL_PWREx_GetWakeupFlag                           build/stm32wbxx_hal_pwr_ex.o
HAL_PWREx_HoldCore                                build/stm32wbxx_hal_pwr_ex.o
HAL_PWREx_PVD_PVM_IRQHandler                      build/stm32wbxx_hal_pwr_ex.o
HAL_PWREx_PVM1Callback                            build/stm32wbxx_hal_pwr_ex.o
HAL_PWREx_PVM3Callback                            build/stm32wbxx_hal_pwr_ex.o
HAL_PWREx_ReleaseCore                             build/stm32wbxx_hal_pwr_ex.o
HAL_PWREx_SMPS_GetEffectiveMode                   build/stm32wbxx_hal_pwr_ex.o
HAL_PWREx_SMPS_SetMode                            build/stm32wbxx_hal_pwr_ex.o
HAL_PWREx_SetBORConfig                            build/stm32wbxx_hal_pwr_ex.o
HAL_PWR_ConfigPVD                                 build/stm32wbxx_hal_pwr.o
HAL_PWR_DeInit                                    build/stm32wbxx_hal_pwr.o
HAL_PWR_DisableBkUpAccess                         build/stm32wbxx_hal_pwr.o
                                                  build/stm32wbxx_hal_rcc_ex.o
HAL_PWR_DisablePVD                                build/stm32wbxx_hal_pwr.o
HAL_PWR_DisableSEVOnPend                          build/stm32wbxx_hal_pwr.o
HAL_PWR_DisableSleepOnExit                        build/stm32wbxx_hal_pwr.o
HAL_PWR_DisableWakeUpPin                          build/stm32wbxx_hal_pwr.o
HAL_PWR_EnableBkUpAccess                          build/stm32wbxx_hal_pwr.o
                                                  build/stm32wbxx_hal_rcc_ex.o
                                                  build/stm32wbxx_hal_rcc.o
                                                  build/main.o
HAL_PWR_EnablePVD                                 build/stm32wbxx_hal_pwr.o
HAL_PWR_EnableSEVOnPend                           build/stm32wbxx_hal_pwr.o
HAL_PWR_EnableSleepOnExit                         build/stm32wbxx_hal_pwr.o
HAL_PWR_EnableWakeUpPin                           build/stm32wbxx_hal_pwr.o
HAL_PWR_EnterSLEEPMode                            build/stm32wbxx_hal_pwr.o
HAL_PWR_EnterSTANDBYMode                          build/stm32wbxx_hal_pwr.o
HAL_PWR_EnterSTOPMode                             build/stm32wbxx_hal_pwr.o
HAL_PWR_PVDCallback                               build/stm32wbxx_hal_pwr.o